1/1 feasible solution given by solution candidate storage, new primal bound 1.366128e+05

presolving:
   (0.0s) symmetry computation started: requiring (bin +, int +, cont +), (fixed: bin -, int -, cont -)
   (0.0s) symmetry computation finished: 2 generators found (max: 1500, log10 of symmetry group size: 0.60) (symcode time: 0.00)
dynamic symmetry handling statistics:
   orbitopal reduction:       no components
   orbital reduction:          1 components of sizes 2
   lexicographic reduction:    2 permutations with support sizes 80, 8040
handled 1 out of 1 symmetry components
presolving (0 rounds: 0 fast, 0 medium, 0 exhaustive):
 0 deleted vars, 0 deleted constraints, 0 added constraints, 0 tightened bounds, 0 added holes, 0 changed sides, 0 changed coefficients
 0 implications, 0 cliques
presolved problem has 8040 variables (8040 bin, 0 int, 0 impl, 0 cont) and 407 constraints
    407 constraints of type <linear>
Presolving Time: 0.00
transformed 1/1 original solutions to the transformed problem space

 time | node  | left  |LP iter|LP it/n|mem/heur|mdpt |vars |cons |rows |cuts |sepa|confs|strbr|  dualbound   | primalbound  |  gap   | compl. 
  0.0s|     1 |     0 |   242 |     - |   109M |   0 |8040 | 427 | 389 |   0 |  0 |  38 |   0 | 1.366465e+05 | 1.366128e+05 |   0.02%| unknown
  0.0s|     1 |     0 |   242 |     - |   109M |   0 |8040 | 427 | 181 |   0 |  0 |  38 |   0 | 1.366465e+05 | 1.366128e+05 |   0.02%| unknown
  0.0s|     1 |     0 |   249 |     - |   113M |   0 |8040 | 427 | 187 |   6 |  1 |  38 |   0 | 1.366465e+05 | 1.366128e+05 |   0.02%| unknown
  0.0s|     1 |     0 |   277 |     - |   113M |   0 |8040 | 427 | 193 |  12 |  2 |  38 |   0 | 1.366461e+05 | 1.366128e+05 |   0.02%| unknown
  0.0s|     1 |     0 |   277 |     - |   113M |   0 |8040 | 427 | 193 |  12 |  2 |  38 |   0 | 1.366461e+05 | 1.366128e+05 |   0.02%| unknown
  0.0s|     1 |     0 |   301 |     - |   114M |   0 |8040 | 427 | 199 |  18 |  3 |  38 |   0 | 1.366460e+05 | 1.366128e+05 |   0.02%| unknown
  0.0s|     1 |     0 |   301 |     - |   114M |   0 |8040 | 427 | 199 |  18 |  3 |  38 |   0 | 1.366460e+05 | 1.366128e+05 |   0.02%| unknown
  0.0s|     1 |     0 |   346 |     - |   114M |   0 |8040 | 427 | 205 |  24 |  4 |  38 |   0 | 1.366458e+05 | 1.366128e+05 |   0.02%| unknown
  0.0s|     1 |     0 |   346 |     - |   114M |   0 |8040 | 427 | 205 |  24 |  4 |  38 |   0 | 1.366458e+05 | 1.366128e+05 |   0.02%| unknown
  1.0s|     1 |     0 |   365 |     - |   114M |   0 |8040 | 427 | 210 |  29 |  5 |  38 |   0 | 1.366458e+05 | 1.366128e+05 |   0.02%| unknown
  1.0s|     1 |     0 |   365 |     - |   114M |   0 |8040 | 427 | 210 |  29 |  5 |  38 |   0 | 1.366458e+05 | 1.366128e+05 |   0.02%| unknown
  1.0s|     1 |     0 |   381 |     - |   115M |   0 |8040 | 427 | 215 |  34 |  6 |  38 |   0 | 1.366458e+05 | 1.366128e+05 |   0.02%| unknown
  1.0s|     1 |     0 |   393 |     - |   115M |   0 |8040 | 427 | 220 |  39 |  7 |  38 |   0 | 1.366458e+05 | 1.366128e+05 |   0.02%| unknown
  1.0s|     1 |     0 |   413 |     - |   115M |   0 |8040 | 427 | 224 |  43 |  8 |  38 |   0 | 1.366458e+05 | 1.366128e+05 |   0.02%| unknown
  1.0s|     1 |     0 |   442 |     - |   115M |   0 |8040 | 427 | 228 |  47 |  9 |  38 |   0 | 1.366457e+05 | 1.366128e+05 |   0.02%| unknown
 time | node  | left  |LP iter|LP it/n|mem/heur|mdpt |vars |cons |rows |cuts |sepa|confs|strbr|  dualbound   | primalbound  |  gap   | compl. 
  1.0s|     1 |     0 |   493 |     - |   115M |   0 |8040 | 427 | 234 |  53 | 10 |  38 |   0 | 1.366457e+05 | 1.366128e+05 |   0.02%| unknown
  1.0s|     1 |     0 |   524 |     - |   115M |   0 |8040 | 427 | 238 |  60 | 11 |  38 |   0 | 1.366457e+05 | 1.366128e+05 |   0.02%| unknown
  2.0s|     1 |     2 |  1478 |     - |   117M |   0 |8040 | 254 | 238 |  60 | 11 |  73 |  31 | 1.366444e+05 | 1.366128e+05 |   0.02%| unknown
  8.0s|   100 |    73 |  3201 |  27.0 |   124M |  33 |8040 | 260 | 215 |  78 |  1 | 114 | 713 | 1.366408e+05 | 1.366128e+05 |   0.02%|  47.59%
 11.0s|   200 |   157 |  5172 |  23.4 |   131M |  34 |8040 | 265 | 213 | 101 |  2 | 135 |1211 | 1.366408e+05 | 1.366128e+05 |   0.02%|  47.59%
 15.0s|   300 |   251 |  7782 |  24.3 |   139M |  34 |8040 | 279 | 212 | 144 |  1 | 185 |1886 | 1.366408e+05 | 1.366128e+05 |   0.02%|  47.61%
 17.0s|   400 |   351 |  9238 |  21.8 |   144M |  34 |8040 | 278 | 217 | 189 |  1 | 187 |1908 | 1.366407e+05 | 1.366128e+05 |   0.02%|  47.62%
 18.0s|   500 |   443 | 10306 |  19.6 |   149M |  34 |8040 | 281 | 216 | 232 |  1 | 191 |1928 | 1.366407e+05 | 1.366128e+05 |   0.02%|  47.62%
 21.0s|   600 |   539 | 11970 |  19.1 |   151M |  34 |8040 | 274 | 217 | 266 |  1 | 203 |2299 | 1.366407e+05 | 1.366128e+05 |   0.02%|  47.62%
 24.0s|   700 |   635 | 13874 |  19.1 |   153M |  34 |8040 | 331 | 219 | 318 |  2 | 269 |2787 | 1.366407e+05 | 1.366128e+05 |   0.02%|  47.62%
 25.0s|   800 |   733 | 15292 |  18.5 |   154M |  44 |8040 | 324 | 220 | 353 |  1 | 271 |2944 | 1.366407e+05 | 1.366128e+05 |   0.02%|  47.62%
 28.0s|   900 |   825 | 17251 |  18.6 |   154M |  51 |8040 | 315 | 214 | 374 |116 | 286 |3339 | 1.366407e+05 | 1.366128e+05 |   0.02%|  47.62%
 30.0s|  1000 |   921 | 18535 |  18.0 |   155M |  51 |8040 | 308 | 211 | 422 |  1 | 293 |3737 | 1.366407e+05 | 1.366128e+05 |   0.02%|  47.62%
 32.0s|  1100 |  1015 | 19607 |  17.4 |   156M |  51 |8040 | 310 | 214 | 448 |  2 | 309 |3816 | 1.366407e+05 | 1.366128e+05 |   0.02%|  47.65%
 33.0s|  1200 |  1115 | 20632 |  16.8 |   157M |  51 |8040 | 316 | 213 | 480 |  1 | 321 |3828 | 1.366407e+05 | 1.366128e+05 |   0.02%|  47.65%
 time | node  | left  |LP iter|LP it/n|mem/heur|mdpt |vars |cons |rows |cuts |sepa|confs|strbr|  dualbound   | primalbound  |  gap   | compl. 
 34.0s|  1300 |  1215 | 22412 |  16.8 |   158M |  51 |8040 | 313 | 215 | 500 |  1 | 323 |3841 | 1.366407e+05 | 1.366128e+05 |   0.02%|  47.65%
 36.0s|  1400 |  1315 | 23258 |  16.3 |   158M |  51 |8040 | 327 | 215 | 536 |  1 | 337 |3851 | 1.366407e+05 | 1.366128e+05 |   0.02%|  47.65%
 37.0s|  1500 |  1415 | 24184 |  15.8 |   158M |  51 |8040 | 334 | 220 | 563 |  1 | 351 |3870 | 1.366407e+05 | 1.366128e+05 |   0.02%|  47.65%
 38.0s|  1600 |  1515 | 24992 |  15.3 |   158M |  51 |8040 | 337 | 216 | 588 |  1 | 357 |3879 | 1.366407e+05 | 1.366128e+05 |   0.02%|  47.65%
 39.0s|  1700 |  1607 | 26031 |  15.0 |   159M |  51 |8040 | 334 | 216 | 622 |  1 | 362 |4045 | 1.366407e+05 | 1.366128e+05 |   0.02%|  47.65%
 40.0s|  1800 |  1703 | 27294 |  14.9 |   161M |  51 |8040 | 330 | 214 | 667 |  1 | 364 |4053 | 1.366407e+05 | 1.366128e+05 |   0.02%|  47.65%
 42.0s|  1900 |  1791 | 28310 |  14.6 |   163M |  51 |8040 | 357 | 221 | 693 |  1 | 397 |4151 | 1.366407e+05 | 1.366128e+05 |   0.02%|  47.65%
 43.0s|  2000 |  1883 | 29378 |  14.4 |   163M |  57 |8040 | 359 | 218 | 720 |  1 | 405 |4240 | 1.366407e+05 | 1.366128e+05 |   0.02%|  47.65%
 44.0s|  2100 |  1979 | 30690 |  14.4 |   164M |  57 |8040 | 357 | 216 | 745 |  1 | 418 |4360 | 1.366407e+05 | 1.366128e+05 |   0.02%|  47.65%
 46.0s|  2200 |  2069 | 31684 |  14.2 |   164M |  57 |8040 | 359 | 221 | 782 |  1 | 428 |4594 | 1.366407e+05 | 1.366128e+05 |   0.02%|  47.65%
 47.0s|  2300 |  2163 | 32399 |  13.9 |   164M |  57 |8040 | 366 | 212 | 816 |  1 | 439 |4597 | 1.366407e+05 | 1.366128e+05 |   0.02%|  47.65%
 48.0s|  2400 |  2263 | 33207 |  13.6 |   166M |  57 |8040 | 378 | 215 | 855 |  1 | 453 |4598 | 1.366407e+05 | 1.366128e+05 |   0.02%|  47.66%
 49.0s|  2500 |  2363 | 33994 |  13.4 |   169M |  57 |8040 | 374 | 232 | 895 |  2 | 455 |4602 | 1.366407e+05 | 1.366128e+05 |   0.02%|  47.66%
 56.0s|  2600 |  2463 | 37194 |  14.1 |   170M |  57 |8040 | 351 | 216 | 932 |  1 | 469 |5983 | 1.366407e+05 | 1.366128e+05 |   0.02%|  47.66%
Restart triggered after 50 consecutive estimations that the remaining tree will be large
 58.0s|  2700 |  2555 | 38077 |  13.9 |   171M |  57 |8040 | 354 | 218 | 961 |  2 | 477 |5987 | 1.366407e+05 | 1.366128e+05 |   0.02%|  47.66%
 time | node  | left  |LP iter|LP it/n|mem/heur|mdpt |vars |cons |rows |cuts |sepa|confs|strbr|  dualbound   | primalbound  |  gap   | compl. 
 60.0s|  2800 |  2655 | 39827 |  14.0 |   172M |  57 |8040 | 350 | 222 | 989 |  1 | 478 |6000 | 1.366407e+05 | 1.366128e+05 |   0.02%|  47.66%
 62.0s|  2900 |  2745 | 40884 |  13.9 |   173M |  57 |8040 | 362 | 216 |1031 |  1 | 504 |6195 | 1.366407e+05 | 1.366128e+05 |   0.02%|  47.66%
 64.0s|  3000 |  2843 | 42270 |  13.9 |   174M |  57 |8040 | 359 | 215 |1048 |  1 | 516 |6655 | 1.366407e+05 | 1.366128e+05 |   0.02%|  47.66%
 70.0s|  3100 |  2941 | 44361 |  14.1 |   201M |  57 |8040 | 360 | 216 |1270 |  1 | 520 |6806 | 1.366407e+05 | 1.366128e+05 |   0.02%|  47.66%
 76.0s|  3200 |  3033 | 47939 |  14.8 |   201M |  57 |8040 | 330 | 215 |1284 |  1 | 547 |8182 | 1.366407e+05 | 1.366128e+05 |   0.02%|  47.66%
 78.0s|  3300 |  3131 | 48940 |  14.7 |   201M |  57 |8040 | 334 | 212 |1318 |  1 | 555 |8186 | 1.366407e+05 | 1.366128e+05 |   0.02%|  47.66%
 79.0s|  3400 |  3223 | 50079 |  14.6 |   202M |  57 |8040 | 346 | 219 |1370 |  1 | 573 |8203 | 1.366407e+05 | 1.366128e+05 |   0.02%|  47.66%
 81.0s|  3500 |  3323 | 52061 |  14.7 |   203M |  57 |8040 | 338 | 216 |1397 |  1 | 578 |8513 | 1.366407e+05 | 1.366128e+05 |   0.02%|  47.66%
 85.0s|  3600 |  3419 | 54853 |  15.1 |   204M |  57 |8040 | 356 | 214 |1436 |  1 | 673 |9352 | 1.366407e+05 | 1.366128e+05 |   0.02%|  47.66%
 97.0s|  3700 |  3515 | 60838 |  16.3 |   217M |  57 |8040 | 387 | 216 |1744 |  1 | 773 |  10k| 1.366407e+05 | 1.366128e+05 |   0.02%|  47.66%
 98.0s|  3800 |  3615 | 61668 |  16.1 |   218M |  57 |8040 | 395 | 217 |1760 |  1 | 785 |  10k| 1.366407e+05 | 1.366128e+05 |   0.02%|  47.66%
 99.0s|  3900 |  3715 | 62583 |  15.9 |   218M |  57 |8040 | 396 | 219 |1779 |  1 | 800 |  10k| 1.366407e+05 | 1.366128e+05 |   0.02%|  47.66%
  100s|  4000 |  3815 | 63176 |  15.7 |   218M |  57 |8040 | 406 | 217 |1799 |  1 | 816 |  10k| 1.366407e+05 | 1.366128e+05 |   0.02%|  47.66%
  102s|  4100 |  3915 | 64809 |  15.7 |   219M |  57 |8040 | 397 | 214 |1819 |  1 | 823 |  11k| 1.366407e+05 | 1.366128e+05 |   0.02%|  47.66%
  104s|  4200 |  4015 | 66240 |  15.7 |   220M |  57 |8040 | 395 | 216 |1855 |  1 | 833 |  11k| 1.366407e+05 | 1.366128e+05 |   0.02%|  47.66%
 time | node  | left  |LP iter|LP it/n|mem/heur|mdpt |vars |cons |rows |cuts |sepa|confs|strbr|  dualbound   | primalbound  |  gap   | compl. 
  105s|  4300 |  4111 | 67384 |  15.6 |   220M |  57 |8040 | 408 | 223 |1886 |  1 | 860 |  11k| 1.366407e+05 | 1.366128e+05 |   0.02%|  47.66%
  106s|  4400 |  4211 | 68242 |  15.4 |   220M |  57 |8040 | 408 | 223 |1910 |  1 | 865 |  11k| 1.366407e+05 | 1.366128e+05 |   0.02%|  47.66%
  109s|  4500 |  4311 | 70523 |  15.6 |   220M |  57 |8040 | 393 | 225 |1938 |  1 | 882 |  11k| 1.366407e+05 | 1.366128e+05 |   0.02%|  47.66%
  112s|  4600 |  4405 | 74620 |  16.1 |   221M |  57 |8040 | 388 | 216 |1973 |  2 | 894 |  12k| 1.366407e+05 | 1.366128e+05 |   0.02%|  47.66%
  114s|  4700 |  4505 | 76322 |  16.1 |   223M |  57 |8040 | 380 | 225 |2002 |  1 | 905 |  12k| 1.366407e+05 | 1.366128e+05 |   0.02%|  47.66%
  117s|  4800 |  4601 | 79034 |  16.4 |   223M |  57 |8040 | 371 | 216 |2021 |  1 | 915 |  12k| 1.366407e+05 | 1.366128e+05 |   0.02%|  47.66%
  118s|  4900 |  4701 | 79912 |  16.2 |   224M |  57 |8040 | 373 | 216 |2044 |  1 | 920 |  12k| 1.366407e+05 | 1.366128e+05 |   0.02%|  47.66%
  119s|  5000 |  4801 | 81333 |  16.2 |   224M |  57 |8040 | 385 | 225 |2072 |  1 | 942 |  12k| 1.366407e+05 | 1.366128e+05 |   0.02%|  47.66%
  120s|  5100 |  4887 | 82196 |  16.0 |   225M |  57 |8040 | 391 | 224 |2103 |  1 | 953 |  12k| 1.366407e+05 | 1.366128e+05 |   0.02%|  47.66%
  123s|  5200 |  4987 | 84038 |  16.1 |   225M |  57 |8040 | 362 | 213 |2137 |  1 | 967 |  13k| 1.366407e+05 | 1.366128e+05 |   0.02%|  47.66%
  124s|  5300 |  5083 | 85361 |  16.0 |   226M |  57 |8040 | 365 | 215 |2168 |  2 | 990 |  13k| 1.366407e+05 | 1.366128e+05 |   0.02%|  47.66%
  126s|  5400 |  5177 | 87204 |  16.1 |   227M |  57 |8040 | 354 | 216 |2193 |  1 |1010 |  13k| 1.366407e+05 | 1.366128e+05 |   0.02%|  47.66%
  128s|  5500 |  5275 | 88495 |  16.0 |   227M |  57 |8040 | 354 | 226 |2206 |  1 |1022 |  13k| 1.366407e+05 | 1.366128e+05 |   0.02%|  47.66%
  129s|  5600 |  5375 | 89474 |  15.9 |   227M |  57 |8040 | 356 | 222 |2236 |  1 |1032 |  13k| 1.366407e+05 | 1.366128e+05 |   0.02%|  47.66%
  130s|  5700 |  5475 | 90391 |  15.8 |   227M |  57 |8040 | 350 | 225 |2257 |  1 |1036 |  13k| 1.366407e+05 | 1.366128e+05 |   0.02%|  47.66%
 time | node  | left  |LP iter|LP it/n|mem/heur|mdpt |vars |cons |rows |cuts |sepa|confs|strbr|  dualbound   | primalbound  |  gap   | compl. 
  131s|  5800 |  5573 | 91580 |  15.7 |   228M |  57 |8040 | 356 | 219 |2287 |  1 |1051 |  13k| 1.366407e+05 | 1.366128e+05 |   0.02%|  47.66%
  133s|  5900 |  5669 | 93374 |  15.7 |   229M |  57 |8040 | 352 | 212 |2332 | 88 |1079 |  14k| 1.366407e+05 | 1.366128e+05 |   0.02%|  47.66%
  135s|  6000 |  5767 | 94796 |  15.7 |   229M |  57 |8040 | 363 | 215 |2366 |  1 |1109 |  14k| 1.366407e+05 | 1.366128e+05 |   0.02%|  47.66%
  136s|  6100 |  5865 | 95897 |  15.6 |   231M |  57 |8040 | 360 | 221 |2400 |  1 |1121 |  14k| 1.366407e+05 | 1.366128e+05 |   0.02%|  47.66%
  139s|  6200 |  5957 | 97505 |  15.6 |   231M |  57 |8040 | 356 | 231 |2441 |  1 |1151 |  14k| 1.366407e+05 | 1.366128e+05 |   0.02%|  47.66%
  140s|  6300 |  6051 | 98795 |  15.6 |   231M |  57 |8040 | 359 | 220 |2473 |  2 |1166 |  14k| 1.366407e+05 | 1.366128e+05 |   0.02%|  47.66%
  142s|  6400 |  6147 |100065 |  15.6 |   233M |  57 |8040 | 350 | 225 |2502 |  1 |1172 |  15k| 1.366407e+05 | 1.366128e+05 |   0.02%|  47.66%
  144s|  6500 |  6245 |101674 |  15.6 |   235M |  57 |8040 | 375 | 222 |2558 |  1 |1206 |  15k| 1.366407e+05 | 1.366128e+05 |   0.02%|  47.66%
  148s|  6600 |  6341 |103584 |  15.6 |   235M |  57 |8040 | 359 | 215 |2595 |  1 |1223 |  15k| 1.366407e+05 | 1.366128e+05 |   0.02%|  47.66%
  149s|  6700 |  6441 |104357 |  15.5 |   235M |  57 |8040 | 353 | 217 |2616 |  1 |1224 |  15k| 1.366407e+05 | 1.366128e+05 |   0.02%|  47.66%
  153s|  6800 |  6535 |107086 |  15.7 |   235M |  57 |8040 | 347 | 213 |2636 |  1 |1290 |  17k| 1.366407e+05 | 1.366128e+05 |   0.02%|  47.66%
  155s|  6900 |  6629 |109574 |  15.8 |   235M |  57 |8040 | 341 |   0 |2649 |  0 |1305 |  17k| 1.366407e+05 | 1.366128e+05 |   0.02%|  47.66%
  156s|  7000 |  6725 |110399 |  15.7 |   236M |  57 |8040 | 355 | 217 |2674 |  1 |1320 |  17k| 1.366407e+05 | 1.366128e+05 |   0.02%|  47.66%
  158s|  7100 |  6813 |111695 |  15.7 |   236M |  70 |8040 | 340 | 215 |2674 |  1 |1334 |  17k| 1.366407e+05 | 1.366128e+05 |   0.02%|  47.66%
  160s|  7200 |  6905 |113242 |  15.7 |   237M |  70 |8040 | 331 | 214 |2698 |  1 |1373 |  17k| 1.366407e+05 | 1.366128e+05 |   0.02%|  47.66%
 time | node  | left  |LP iter|LP it/n|mem/heur|mdpt |vars |cons |rows |cuts |sepa|confs|strbr|  dualbound   | primalbound  |  gap   | compl. 
  162s|  7300 |  7001 |115169 |  15.7 |   237M |  70 |8040 | 318 | 213 |2745 |  0 |1390 |  17k| 1.366407e+05 | 1.366128e+05 |   0.02%|  47.66%
  164s|  7400 |  7075 |116260 |  15.6 |   237M |  70 |8040 | 321 | 219 |2768 |  2 |1413 |  17k| 1.366407e+05 | 1.366128e+05 |   0.02%|  47.67%
  165s|  7500 |  7175 |116975 |  15.5 |   238M |  70 |8040 | 313 | 220 |2796 |  1 |1418 |  18k| 1.366407e+05 | 1.366128e+05 |   0.02%|  47.67%
  167s|  7600 |  7273 |118037 |  15.5 |   239M |  70 |8040 | 318 | 217 |2827 |  1 |1437 |  18k| 1.366407e+05 | 1.366128e+05 |   0.02%|  47.67%
  168s|  7700 |  7369 |118879 |  15.4 |   240M |  70 |8040 | 316 | 216 |2857 |  1 |1443 |  18k| 1.366407e+05 | 1.366128e+05 |   0.02%|  47.67%
  169s|  7800 |  7465 |119626 |  15.3 |   240M |  70 |8040 | 320 | 221 |2868 |  1 |1464 |  18k| 1.366407e+05 | 1.366128e+05 |   0.02%|  47.67%
  170s|  7900 |  7553 |120844 |  15.2 |   240M |  70 |8040 | 314 | 214 |2882 |  1 |1473 |  18k| 1.366407e+05 | 1.366128e+05 |   0.02%|  47.67%
  171s|  8000 |  7645 |121572 |  15.1 |   240M |  70 |8040 | 324 | 217 |2902 |  1 |1491 |  18k| 1.366407e+05 | 1.366128e+05 |   0.02%|  47.67%
  173s|  8100 |  7741 |122830 |  15.1 |   240M |  70 |8040 | 333 | 221 |2914 |  1 |1526 |  18k| 1.366407e+05 | 1.366128e+05 |   0.02%|  47.67%
  174s|  8200 |  7837 |123622 |  15.0 |   241M |  70 |8040 | 328 | 223 |2936 |  1 |1532 |  18k| 1.366407e+05 | 1.366128e+05 |   0.02%|  47.67%
  175s|  8300 |  7931 |124424 |  14.9 |   242M |  70 |8040 | 320 | 218 |2949 |  1 |1550 |  18k| 1.366407e+05 | 1.366128e+05 |   0.02%|  47.67%
  177s|  8400 |  8017 |125345 |  14.9 |   242M |  70 |8040 | 308 | 214 |2992 |  1 |1553 |  18k| 1.366407e+05 | 1.366128e+05 |   0.02%|  47.67%
  178s|  8500 |  8117 |126590 |  14.8 |   243M |  70 |8040 | 292 | 222 |3021 |  1 |1556 |  18k| 1.366407e+05 | 1.366128e+05 |   0.02%|  47.67%
  180s|  8600 |  8215 |128070 |  14.8 |   243M |  70 |8040 | 298 | 219 |3042 |  1 |1581 |  19k| 1.366407e+05 | 1.366128e+05 |   0.02%|  47.67%
  182s|  8700 |  8309 |128888 |  14.8 |   243M |  70 |8040 | 294 | 220 |3074 |  1 |1585 |  19k| 1.366407e+05 | 1.366128e+05 |   0.02%|  47.67%
 time | node  | left  |LP iter|LP it/n|mem/heur|mdpt |vars |cons |rows |cuts |sepa|confs|strbr|  dualbound   | primalbound  |  gap   | compl. 
  183s|  8800 |  8405 |129839 |  14.7 |   244M |  70 |8040 | 301 | 215 |3102 |  1 |1599 |  19k| 1.366407e+05 | 1.366128e+05 |   0.02%|  47.67%
  186s|  8900 |  8487 |132152 |  14.8 |   244M |  70 |8040 | 288 | 214 |3112 |  1 |1614 |  19k| 1.366407e+05 | 1.366128e+05 |   0.02%|  47.67%
  188s|  9000 |  8583 |133270 |  14.8 |   246M |  70 |8040 | 290 | 222 |3184 |  1 |1630 |  19k| 1.366407e+05 | 1.366128e+05 |   0.02%|  47.67%
  190s|  9100 |  8675 |134512 |  14.7 |   247M |  70 |8040 | 295 | 216 |3260 |  1 |1666 |  19k| 1.366407e+05 | 1.366128e+05 |   0.02%|  47.67%
  192s|  9200 |  8767 |135468 |  14.7 |   247M |  70 |8040 | 288 | 221 |3289 |  1 |1678 |  19k| 1.366407e+05 | 1.366128e+05 |   0.02%|  47.67%
  193s|  9300 |  8865 |136550 |  14.6 |   247M |  70 |8040 | 288 | 220 |3311 |  1 |1684 |  19k| 1.366407e+05 | 1.366128e+05 |   0.02%|  47.67%
  195s|  9400 |  8963 |137868 |  14.6 |   247M |  70 |8040 | 299 | 228 |3339 |  1 |1713 |  19k| 1.366407e+05 | 1.366128e+05 |   0.02%|  47.67%
  197s|  9500 |  9059 |139119 |  14.6 |   249M |  70 |8040 | 298 | 222 |3356 |  1 |1742 |  20k| 1.366407e+05 | 1.366128e+05 |   0.02%|  47.67%
  199s|  9600 |  9151 |140679 |  14.6 |   249M |  70 |8040 | 275 | 219 |3385 |  1 |1752 |  20k| 1.366407e+05 | 1.366128e+05 |   0.02%|  47.67%
  200s|  9700 |  9239 |141749 |  14.6 |   249M |  70 |8040 | 272 | 217 |3405 |  1 |1757 |  20k| 1.366407e+05 | 1.366128e+05 |   0.02%|  47.67%
  202s|  9800 |  9333 |142837 |  14.5 |   249M |  70 |8040 | 285 | 215 |3441 |  1 |1784 |  20k| 1.366407e+05 | 1.366128e+05 |   0.02%|  47.67%
  204s|  9900 |  9427 |144421 |  14.5 |   250M |  70 |8040 | 295 | 214 |3460 |  1 |1834 |  20k| 1.366407e+05 | 1.366128e+05 |   0.02%|  47.67%
  206s| 10000 |  9515 |145806 |  14.5 |   250M |  70 |8040 | 285 | 219 |3482 |  1 |1850 |  21k| 1.366407e+05 | 1.366128e+05 |   0.02%|  47.67%
  208s| 10100 |  9611 |146812 |  14.5 |   251M |  70 |8040 | 281 | 217 |3509 |  1 |1856 |  21k| 1.366407e+05 | 1.366128e+05 |   0.02%|  47.67%
  210s| 10200 |  9705 |148340 |  14.5 |   251M |  70 |8040 | 262 | 213 |3522 |  1 |1875 |  21k| 1.366407e+05 | 1.366128e+05 |   0.02%|  47.67%
 time | node  | left  |LP iter|LP it/n|mem/heur|mdpt |vars |cons |rows |cuts |sepa|confs|strbr|  dualbound   | primalbound  |  gap   | compl. 
  212s| 10300 |  9789 |149371 |  14.5 |   252M |  70 |8040 | 316 | 217 |3558 |  1 |1938 |  21k| 1.366407e+05 | 1.366128e+05 |   0.02%|  47.67%
  213s| 10400 |  9885 |150497 |  14.4 |   253M |  70 |8040 | 329 | 220 |3594 |  1 |1967 |  21k| 1.366407e+05 | 1.366128e+05 |   0.02%|  47.67%
  214s| 10500 |  9969 |151388 |  14.4 |   253M |  70 |8040 | 315 | 219 |3614 |  1 |1975 |  21k| 1.366407e+05 | 1.366128e+05 |   0.02%|  47.67%
  216s| 10600 | 10057 |152708 |  14.4 |   253M |  70 |8040 | 323 | 216 |3643 |  1 |1998 |  21k| 1.366407e+05 | 1.366128e+05 |   0.02%|  47.67%
  218s| 10700 | 10157 |154013 |  14.3 |   254M |  70 |8040 | 275 | 222 |3709 |  1 |2007 |  21k| 1.366407e+05 | 1.366128e+05 |   0.02%|  47.67%
  221s| 10800 | 10241 |155457 |  14.3 |   255M |  70 |8040 | 286 | 218 |3763 |  1 |2040 |  21k| 1.366407e+05 | 1.366128e+05 |   0.02%|  47.67%
  223s| 10900 | 10337 |157598 |  14.4 |   255M |  70 |8040 | 282 | 218 |3793 |  2 |2055 |  21k| 1.366407e+05 | 1.366128e+05 |   0.02%|  47.67%
  225s| 11000 | 10425 |159183 |  14.4 |   255M |  70 |8040 | 272 | 217 |3816 | 23 |2087 |  21k| 1.366407e+05 | 1.366128e+05 |   0.02%|  47.67%
  227s| 11100 | 10509 |160338 |  14.4 |   255M |  70 |8040 | 257 | 224 |3855 |  2 |2116 |  22k| 1.366407e+05 | 1.366128e+05 |   0.02%|  47.67%
  228s| 11200 | 10609 |161230 |  14.4 |   255M |  70 |8040 | 254 | 216 |3874 |  1 |2119 |  22k| 1.366407e+05 | 1.366128e+05 |   0.02%|  47.67%
  229s| 11300 | 10709 |161927 |  14.3 |   257M |  70 |8040 | 256 | 220 |3893 |  1 |2123 |  22k| 1.366407e+05 | 1.366128e+05 |   0.02%|  47.67%
  231s| 11400 | 10797 |162846 |  14.2 |   257M |  70 |8040 | 268 | 223 |3908 |  1 |2142 |  22k| 1.366407e+05 | 1.366128e+05 |   0.02%|  47.67%
  232s| 11500 | 10893 |164137 |  14.2 |   257M |  70 |8040 | 288 | 222 |3942 |  1 |2196 |  22k| 1.366407e+05 | 1.366128e+05 |   0.02%|  47.67%
  233s| 11600 | 10985 |164903 |  14.2 |   257M |  70 |8040 | 291 | 226 |3964 |  1 |2215 |  22k| 1.366407e+05 | 1.366128e+05 |   0.02%|  47.67%
  235s| 11700 | 11081 |166000 |  14.1 |   257M |  70 |8040 | 275 | 217 |3989 |  1 |2234 |  22k| 1.366407e+05 | 1.366128e+05 |   0.02%|  47.67%
 time | node  | left  |LP iter|LP it/n|mem/heur|mdpt |vars |cons |rows |cuts |sepa|confs|strbr|  dualbound   | primalbound  |  gap   | compl. 
  237s| 11800 | 11169 |167141 |  14.1 |   257M |  70 |8040 | 268 | 218 |4035 |  1 |2265 |  22k| 1.366407e+05 | 1.366128e+05 |   0.02%|  47.67%
  238s| 11900 | 11247 |168649 |  14.1 |   259M |  70 |8040 | 270 | 217 |4054 |  1 |2295 |  22k| 1.366407e+05 | 1.366128e+05 |   0.02%|  47.67%
  239s| 12000 | 11345 |169376 |  14.1 |   259M |  70 |8040 | 272 | 233 |4103 |  2 |2309 |  22k| 1.366407e+05 | 1.366128e+05 |   0.02%|  47.67%
  241s| 12100 | 11421 |170463 |  14.0 |   259M |  70 |8040 | 259 | 225 |4140 |  1 |2337 |  22k| 1.366407e+05 | 1.366128e+05 |   0.02%|  47.67%
  242s| 12200 | 11507 |171230 |  14.0 |   259M |  70 |8040 | 262 | 223 |4172 |  1 |2346 |  22k| 1.366407e+05 | 1.366128e+05 |   0.02%|  47.67%
  243s| 12300 | 11607 |171962 |  13.9 |   259M |  70 |8040 | 271 | 223 |4196 |  1 |2360 |  22k| 1.366407e+05 | 1.366128e+05 |   0.02%|  47.67%
  244s| 12400 | 11705 |172868 |  13.9 |   259M |  70 |8040 | 302 | 224 |4231 |  1 |2396 |  22k| 1.366407e+05 | 1.366128e+05 |   0.02%|  47.67%
  245s| 12500 | 11797 |174018 |  13.9 |   260M |  70 |8040 | 281 | 215 |4264 |  1 |2422 |  22k| 1.366407e+05 | 1.366128e+05 |   0.02%|  47.67%
  247s| 12600 | 11887 |175077 |  13.9 |   262M |  70 |8040 | 261 | 219 |4297 |  1 |2435 |  22k| 1.366407e+05 | 1.366128e+05 |   0.02%|  47.67%
  248s| 12700 | 11977 |176160 |  13.8 |   262M |  70 |8040 | 263 | 222 |4328 |  1 |2449 |  22k| 1.366407e+05 | 1.366128e+05 |   0.02%|  47.67%
  249s| 12800 | 12069 |176860 |  13.8 |   262M |  70 |8040 | 278 | 226 |4360 |  1 |2472 |  22k| 1.366407e+05 | 1.366128e+05 |   0.02%|  47.67%
  250s| 12900 | 12165 |177723 |  13.7 |   262M |  70 |8040 | 290 | 218 |4408 |  3 |2490 |  22k| 1.366407e+05 | 1.366128e+05 |   0.02%|  47.67%
  252s| 13000 | 12255 |178913 |  13.7 |   262M |  70 |8040 | 282 | 214 |4433 |  1 |2502 |  22k| 1.366407e+05 | 1.366128e+05 |   0.02%|  47.67%
  253s| 13100 | 12353 |179670 |  13.7 |   263M |  70 |8040 | 283 | 223 |4461 |  1 |2507 |  22k| 1.366407e+05 | 1.366128e+05 |   0.02%|  47.67%
  254s| 13200 | 12439 |180676 |  13.6 |   264M |  70 |8040 | 294 | 216 |4487 |  1 |2532 |  22k| 1.366407e+05 | 1.366128e+05 |   0.02%|  47.67%
 time | node  | left  |LP iter|LP it/n|mem/heur|mdpt |vars |cons |rows |cuts |sepa|confs|strbr|  dualbound   | primalbound  |  gap   | compl. 
  255s| 13300 | 12533 |181867 |  13.6 |   264M |  70 |8040 | 288 | 221 |4509 |  1 |2550 |  22k| 1.366407e+05 | 1.366128e+05 |   0.02%|  47.68%
  256s| 13400 | 12611 |182817 |  13.6 |   264M |  70 |8040 | 283 | 218 |4525 |  1 |2556 |  22k| 1.366407e+05 | 1.366128e+05 |   0.02%|  47.68%
  257s| 13500 | 12709 |183804 |  13.6 |   265M |  70 |8040 | 278 | 222 |4561 |  1 |2561 |  22k| 1.366407e+05 | 1.366128e+05 |   0.02%|  47.68%
  258s| 13600 | 12805 |185298 |  13.6 |   265M |  70 |8040 | 286 | 215 |4598 |  1 |2579 |  22k| 1.366407e+05 | 1.366128e+05 |   0.02%|  47.68%
  259s| 13700 | 12899 |186492 |  13.6 |   265M |  70 |8040 | 275 | 221 |4617 |  1 |2597 |  22k| 1.366407e+05 | 1.366128e+05 |   0.02%|  47.68%
  260s| 13800 | 12995 |187359 |  13.5 |   266M |  70 |8040 | 266 | 218 |4638 |  1 |2601 |  22k| 1.366407e+05 | 1.366128e+05 |   0.02%|  47.68%
  261s| 13900 | 13075 |188393 |  13.5 |   267M |  70 |8040 | 261 | 222 |4668 |  1 |2612 |  22k| 1.366407e+05 | 1.366128e+05 |   0.02%|  47.68%
  263s| 14000 | 13167 |190650 |  13.6 |   268M |  70 |8040 | 259 | 223 |4707 |  3 |2630 |  22k| 1.366407e+05 | 1.366128e+05 |   0.02%|  47.68%
  264s| 14100 | 13249 |191710 |  13.6 |   268M |  70 |8040 | 257 | 225 |4728 |  1 |2641 |  22k| 1.366407e+05 | 1.366128e+05 |   0.02%|  47.68%
  265s| 14200 | 13325 |193099 |  13.6 |   268M |  70 |8040 | 285 | 217 |4746 |  1 |2674 |  22k| 1.366407e+05 | 1.366128e+05 |   0.02%|  47.68%
  266s| 14300 | 13415 |194351 |  13.6 |   268M |  70 |8040 | 276 | 223 |4763 |  1 |2686 |  22k| 1.366407e+05 | 1.366128e+05 |   0.02%|  47.68%
  267s| 14400 | 13497 |195226 |  13.5 |   269M |  70 |8040 | 268 | 214 |4790 |  0 |2705 |  22k| 1.366407e+05 | 1.366128e+05 |   0.02%|  47.68%
  268s| 14500 | 13593 |196101 |  13.5 |   270M |  70 |8040 | 259 | 218 |4803 |  3 |2709 |  22k| 1.366407e+05 | 1.366128e+05 |   0.02%|  47.69%
  269s| 14600 | 13693 |197462 |  13.5 |   270M |  70 |8040 | 257 | 221 |4822 |  1 |2722 |  22k| 1.366407e+05 | 1.366128e+05 |   0.02%|  47.69%
  271s| 14700 | 13775 |198822 |  13.5 |   270M |  70 |8040 | 263 | 225 |4857 |  1 |2741 |  22k| 1.366407e+05 | 1.366128e+05 |   0.02%|  47.70%
 time | node  | left  |LP iter|LP it/n|mem/heur|mdpt |vars |cons |rows |cuts |sepa|confs|strbr|  dualbound   | primalbound  |  gap   | compl. 
  272s| 14800 | 13869 |199728 |  13.5 |   271M |  70 |8040 | 277 | 222 |4881 |  1 |2762 |  22k| 1.366407e+05 | 1.366128e+05 |   0.02%|  47.70%
  273s| 14900 | 13953 |200567 |  13.4 |   271M |  70 |8040 | 273 | 220 |4907 |  1 |2769 |  22k| 1.366407e+05 | 1.366128e+05 |   0.02%|  47.70%
  274s| 15000 | 14045 |201674 |  13.4 |   271M |  70 |8040 | 264 | 220 |4924 |  1 |2773 |  22k| 1.366407e+05 | 1.366128e+05 |   0.02%|  47.70%
  275s| 15100 | 14135 |202574 |  13.4 |   271M |  70 |8040 | 267 | 215 |4948 |  1 |2788 |  22k| 1.366407e+05 | 1.366128e+05 |   0.02%|  47.70%
  276s| 15200 | 14223 |203650 |  13.4 |   274M |  70 |8040 | 276 | 228 |4995 |  1 |2809 |  22k| 1.366407e+05 | 1.366128e+05 |   0.02%|  47.70%
  277s| 15300 | 14301 |204799 |  13.4 |   274M |  70 |8040 | 284 | 220 |5005 |  1 |2836 |  22k| 1.366407e+05 | 1.366128e+05 |   0.02%|  47.70%
  278s| 15400 | 14399 |205912 |  13.3 |   274M |  70 |8040 | 308 | 223 |5040 |  1 |2873 |  22k| 1.366407e+05 | 1.366128e+05 |   0.02%|  47.70%
  280s| 15500 | 14495 |207027 |  13.3 |   274M |  70 |8040 | 310 | 222 |5080 |  1 |2885 |  22k| 1.366407e+05 | 1.366128e+05 |   0.02%|  47.70%
  281s| 15600 | 14591 |208283 |  13.3 |   275M |  70 |8040 | 300 | 221 |5111 |  1 |2889 |  22k| 1.366407e+05 | 1.366128e+05 |   0.02%|  47.70%
  282s| 15700 | 14681 |209526 |  13.3 |   275M |  70 |8040 | 303 | 222 |5157 |  1 |2906 |  22k| 1.366407e+05 | 1.366128e+05 |   0.02%|  47.70%
  284s| 15800 | 14781 |210895 |  13.3 |   279M |  70 |8040 | 341 | 222 |5208 |  1 |2949 |  22k| 1.366407e+05 | 1.366128e+05 |   0.02%|  47.70%
  285s| 15900 | 14865 |212123 |  13.3 |   279M |  70 |8040 | 337 | 223 |5282 |  2 |2971 |  22k| 1.366407e+05 | 1.366128e+05 |   0.02%|  47.71%
  287s| 16000 | 14963 |213404 |  13.3 |   279M |  70 |8040 | 357 | 221 |5342 |  1 |3009 |  22k| 1.366407e+05 | 1.366128e+05 |   0.02%|  47.71%
  288s| 16100 | 15061 |214810 |  13.3 |   279M |  70 |8040 | 349 | 224 |5377 |  1 |3047 |  22k| 1.366407e+05 | 1.366128e+05 |   0.02%|  47.72%
  289s| 16200 | 15155 |215696 |  13.3 |   280M |  70 |8040 | 345 | 226 |5420 |  1 |3061 |  22k| 1.366407e+05 | 1.366128e+05 |   0.02%|  47.73%
 time | node  | left  |LP iter|LP it/n|mem/heur|mdpt |vars |cons |rows |cuts |sepa|confs|strbr|  dualbound   | primalbound  |  gap   | compl. 
  291s| 16300 | 15251 |217271 |  13.3 |   281M |  70 |8040 | 346 | 219 |5479 |  1 |3082 |  22k| 1.366407e+05 | 1.366128e+05 |   0.02%|  47.73%
  293s| 16400 | 15347 |218814 |  13.3 |   283M |  70 |8040 | 344 | 228 |5547 |  2 |3095 |  22k| 1.366407e+05 | 1.366128e+05 |   0.02%|  47.73%
  294s| 16500 | 15431 |219760 |  13.3 |   283M |  70 |8040 | 389 | 223 |5569 |  1 |3171 |  22k| 1.366407e+05 | 1.366128e+05 |   0.02%|  47.73%
  295s| 16600 | 15529 |220518 |  13.3 |   283M |  70 |8040 | 347 | 217 |5590 |  2 |3186 |  22k| 1.366407e+05 | 1.366128e+05 |   0.02%|  47.73%
  296s| 16700 | 15615 |221663 |  13.2 |   283M |  70 |8040 | 309 | 217 |5630 |  1 |3194 |  22k| 1.366407e+05 | 1.366128e+05 |   0.02%|  47.74%
  297s| 16800 | 15709 |222844 |  13.2 |   283M |  70 |8040 | 297 | 218 |5644 |  1 |3213 |  22k| 1.366407e+05 | 1.366128e+05 |   0.02%|  47.74%
  298s| 16900 | 15801 |224235 |  13.2 |   283M |  70 |8040 | 314 | 220 |5655 |  2 |3256 |  22k| 1.366407e+05 | 1.366128e+05 |   0.02%|  47.74%
  299s| 17000 | 15895 |225976 |  13.3 |   283M |  70 |8040 | 317 | 224 |5662 |  1 |3274 |  22k| 1.366407e+05 | 1.366128e+05 |   0.02%|  47.74%

SCIP Status        : solving was interrupted [time limit reached]
Solving Time (sec) : 300.00
Solving Nodes      : 17025
Primal Bound       : +1.36612833050989e+05 (599 solutions)
Dual Bound         : +1.36640694832797e+05
Gap                : 0.02 %
