1/1 feasible solution given by solution candidate storage, new primal bound 2.018452e+05

presolving:
   (0.0s) symmetry computation started: requiring (bin +, int +, cont +), (fixed: bin -, int -, cont -)
   (0.0s) symmetry computation finished: 3 generators found (max: 1500, log10 of symmetry group size: 1.08) (symcode time: 0.00)
dynamic symmetry handling statistics:
   orbitopal reduction:       no components
   orbital reduction:          1 components of sizes 3
   lexicographic reduction:    3 permutations with support sizes 120, 8040, 8040
handled 1 out of 1 symmetry components
presolving (0 rounds: 0 fast, 0 medium, 0 exhaustive):
 0 deleted vars, 0 deleted constraints, 0 added constraints, 0 tightened bounds, 0 added holes, 0 changed sides, 0 changed coefficients
 0 implications, 0 cliques
presolved problem has 12060 variables (12060 bin, 0 int, 0 impl, 0 cont) and 510 constraints
    510 constraints of type <linear>
Presolving Time: 0.00
transformed 1/1 original solutions to the transformed problem space

 time | node  | left  |LP iter|LP it/n|mem/heur|mdpt |vars |cons |rows |cuts |sepa|confs|strbr|  dualbound   | primalbound  |  gap   | compl. 
  0.0s|     1 |     0 |   620 |     - |   160M |   0 |  12k| 519 | 483 |   0 |  0 |  36 |   0 | 2.020020e+05 | 2.018452e+05 |   0.08%| unknown
  0.0s|     1 |     0 |   620 |     - |   161M |   0 |  12k| 519 | 322 |   0 |  0 |  36 |   0 | 2.020020e+05 | 2.018452e+05 |   0.08%| unknown
  1.0s|     1 |     0 |   660 |     - |   166M |   0 |  12k| 519 | 329 |   7 |  1 |  36 |   0 | 2.020020e+05 | 2.018452e+05 |   0.08%| unknown
  1.0s|     1 |     0 |   702 |     - |   167M |   0 |  12k| 519 | 338 |  16 |  2 |  36 |   0 | 2.020020e+05 | 2.018452e+05 |   0.08%| unknown
  1.0s|     1 |     0 |   836 |     - |   169M |   0 |  12k| 519 | 347 |  25 |  3 |  36 |   0 | 2.020018e+05 | 2.018452e+05 |   0.08%| unknown
  1.0s|     1 |     0 |   901 |     - |   171M |   0 |  12k| 519 | 356 |  34 |  4 |  36 |   0 | 2.020017e+05 | 2.018452e+05 |   0.08%| unknown
  1.0s|     1 |     0 |   980 |     - |   171M |   0 |  12k| 519 | 364 |  42 |  5 |  36 |   0 | 2.020017e+05 | 2.018452e+05 |   0.08%| unknown
  1.0s|     1 |     0 |  1027 |     - |   173M |   0 |  12k| 519 | 371 |  49 |  6 |  36 |   0 | 2.020016e+05 | 2.018452e+05 |   0.08%| unknown
  1.0s|     1 |     0 |  1084 |     - |   174M |   0 |  12k| 520 | 378 |  56 |  7 |  37 |   0 | 2.020016e+05 | 2.018452e+05 |   0.08%| unknown
  1.0s|     1 |     0 |  1141 |     - |   174M |   0 |  12k| 520 | 385 |  63 |  8 |  37 |   0 | 2.020015e+05 | 2.018452e+05 |   0.08%| unknown
  2.0s|     1 |     0 |  1214 |     - |   175M |   0 |  12k| 520 | 392 |  70 |  9 |  37 |   0 | 2.020015e+05 | 2.018452e+05 |   0.08%| unknown
  2.0s|     1 |     0 |  1264 |     - |   175M |   0 |  12k| 520 | 399 |  77 | 10 |  37 |   0 | 2.020015e+05 | 2.018452e+05 |   0.08%| unknown
  2.0s|     1 |     0 |  1305 |     - |   177M |   0 |  12k| 520 | 405 |  85 | 11 |  37 |   0 | 2.020014e+05 | 2.018452e+05 |   0.08%| unknown
  5.0s|     1 |     2 |  3822 |     - |   181M |   0 |  12k| 386 | 405 |  85 | 11 |  64 |  40 | 2.020012e+05 | 2.018452e+05 |   0.08%| unknown
 29.0s|   100 |    85 | 11856 | 106.6 |   191M |  29 |  12k| 385 | 368 | 119 |  2 |  69 |1486 | 2.019917e+05 | 2.018452e+05 |   0.07%|  30.61%
 time | node  | left  |LP iter|LP it/n|mem/heur|mdpt |vars |cons |rows |cuts |sepa|confs|strbr|  dualbound   | primalbound  |  gap   | compl. 
 37.0s|   200 |   185 | 15906 |  73.4 |   205M |  50 |  12k| 388 | 367 | 175 |  1 |  72 |1805 | 2.019917e+05 | 2.018452e+05 |   0.07%|  30.61%
 40.0s|   300 |   285 | 18265 |  56.7 |   210M |  55 |  12k| 395 | 370 | 195 |  1 |  79 |1966 | 2.019917e+05 | 2.018452e+05 |   0.07%|  30.61%
 44.0s|   400 |   381 | 20536 |  48.2 |   217M |  57 |  12k| 397 | 375 | 235 |  1 |  82 |2071 | 2.019917e+05 | 2.018452e+05 |   0.07%|  30.61%
 47.0s|   500 |   481 | 23402 |  44.3 |   220M |  57 |  12k| 401 | 367 | 272 |  1 |  86 |2164 | 2.019917e+05 | 2.018452e+05 |   0.07%|  30.61%
 51.0s|   600 |   581 | 25839 |  41.0 |   224M |  57 |  12k| 403 | 372 | 293 |  1 |  89 |2270 | 2.019917e+05 | 2.018452e+05 |   0.07%|  30.61%
 54.0s|   700 |   681 | 28093 |  38.3 |   227M |  57 |  12k| 402 | 378 | 326 |  1 |  89 |2295 | 2.019917e+05 | 2.018452e+05 |   0.07%|  30.61%
 57.0s|   800 |   781 | 30621 |  36.7 |   228M |  57 |  12k| 402 | 369 | 350 |  1 |  89 |2344 | 2.019917e+05 | 2.018452e+05 |   0.07%|  30.61%
 60.0s|   900 |   881 | 32640 |  34.9 |   230M |  57 |  12k| 401 | 373 | 372 |  2 |  89 |2362 | 2.019916e+05 | 2.018452e+05 |   0.07%|  30.62%
 62.0s|  1000 |   981 | 34504 |  33.2 |   230M |  57 |  12k| 403 | 373 | 385 |  1 |  91 |2364 | 2.019916e+05 | 2.018452e+05 |   0.07%|  30.62%
 63.0s|  1100 |  1081 | 35833 |  31.4 |   230M |  57 |  12k| 414 | 370 | 400 |  1 | 102 |2371 | 2.019916e+05 | 2.018452e+05 |   0.07%|  30.62%
 67.0s|  1200 |  1181 | 40992 |  33.1 |   232M |  57 |  12k| 412 | 376 | 445 |  1 | 102 |2423 | 2.019916e+05 | 2.018452e+05 |   0.07%|  30.62%
 69.0s|  1300 |  1281 | 43243 |  32.3 |   232M |  57 |  12k| 414 | 377 | 481 |  1 | 104 |2428 | 2.019916e+05 | 2.018452e+05 |   0.07%|  30.62%
 71.0s|  1400 |  1381 | 45177 |  31.4 |   237M |  57 |  12k| 417 | 370 | 514 |  1 | 107 |2443 | 2.019916e+05 | 2.018452e+05 |   0.07%|  30.62%
 73.0s|  1500 |  1481 | 46976 |  30.5 |   239M |  57 |  12k| 417 | 368 | 549 |  1 | 107 |2464 | 2.019916e+05 | 2.018452e+05 |   0.07%|  30.62%
 75.0s|  1600 |  1581 | 48999 |  29.8 |   240M |  57 |  12k| 420 | 372 | 566 |  1 | 110 |2469 | 2.019916e+05 | 2.018452e+05 |   0.07%|  30.62%
 time | node  | left  |LP iter|LP it/n|mem/heur|mdpt |vars |cons |rows |cuts |sepa|confs|strbr|  dualbound   | primalbound  |  gap   | compl. 
 77.0s|  1700 |  1679 | 50249 |  28.8 |   240M |  57 |  12k| 447 | 368 | 586 |  1 | 137 |2471 | 2.019916e+05 | 2.018452e+05 |   0.07%|  30.62%
 79.0s|  1800 |  1775 | 51854 |  28.1 |   241M |  57 |  12k| 451 | 371 | 626 |  1 | 141 |2475 | 2.019916e+05 | 2.018452e+05 |   0.07%|  30.62%
 81.0s|  1900 |  1875 | 53719 |  27.6 |   242M |  61 |  12k| 457 | 371 | 651 |  1 | 147 |2501 | 2.019916e+05 | 2.018452e+05 |   0.07%|  30.62%
 83.0s|  2000 |  1975 | 55477 |  27.1 |   243M |  61 |  12k| 476 | 371 | 668 |  1 | 166 |2514 | 2.019916e+05 | 2.018452e+05 |   0.07%|  30.62%
 84.0s|  2100 |  2075 | 57569 |  26.8 |   243M |  61 |  12k| 475 | 374 | 696 |  1 | 167 |2514 | 2.019916e+05 | 2.018452e+05 |   0.07%|  30.62%
 87.0s|  2200 |  2175 | 59035 |  26.3 |   244M |  61 |  12k| 496 | 374 | 718 |  1 | 188 |2577 | 2.019916e+05 | 2.018452e+05 |   0.07%|  30.62%
 89.0s|  2300 |  2273 | 60781 |  25.9 |   245M |  69 |  12k| 504 | 372 | 733 |  1 | 197 |2595 | 2.019916e+05 | 2.018452e+05 |   0.07%|  30.62%
 91.0s|  2400 |  2373 | 62080 |  25.3 |   246M |  69 |  12k| 512 | 373 | 745 |  1 | 205 |2607 | 2.019916e+05 | 2.018452e+05 |   0.07%|  30.62%
 93.0s|  2500 |  2473 | 63315 |  24.8 |   250M |  75 |  12k| 514 | 368 | 763 |  2 | 207 |2619 | 2.019916e+05 | 2.018452e+05 |   0.07%|  30.62%
 95.0s|  2600 |  2571 | 65104 |  24.5 |   253M |  75 |  12k| 514 | 368 | 786 |  1 | 208 |2658 | 2.019916e+05 | 2.018452e+05 |   0.07%|  30.62%
 97.0s|  2700 |  2671 | 66400 |  24.1 |   259M |  75 |  12k| 538 | 386 | 828 |  1 | 232 |2665 | 2.019916e+05 | 2.018452e+05 |   0.07%|  30.62%
 99.0s|  2800 |  2769 | 67980 |  23.8 |   262M |  75 |  12k| 558 | 375 | 855 |  1 | 252 |2697 | 2.019916e+05 | 2.018452e+05 |   0.07%|  30.62%
  101s|  2900 |  2869 | 70118 |  23.7 |   272M |  75 |  12k| 559 | 375 | 901 |  1 | 253 |2748 | 2.019916e+05 | 2.018452e+05 |   0.07%|  30.62%
  103s|  3000 |  2969 | 72425 |  23.7 |   278M |  75 |  12k| 559 | 368 | 928 |  1 | 253 |2758 | 2.019916e+05 | 2.018452e+05 |   0.07%|  30.62%
  108s|  3100 |  3069 | 74261 |  23.5 |   333M |  75 |  12k| 560 | 374 |1035 |  1 | 255 |2833 | 2.019916e+05 | 2.018452e+05 |   0.07%|  30.62%
 time | node  | left  |LP iter|LP it/n|mem/heur|mdpt |vars |cons |rows |cuts |sepa|confs|strbr|  dualbound   | primalbound  |  gap   | compl. 
  111s|  3200 |  3169 | 75984 |  23.3 |   335M |  75 |  12k| 560 | 374 |1052 |  1 | 255 |2841 | 2.019916e+05 | 2.018452e+05 |   0.07%|  30.62%
  114s|  3300 |  3265 | 77507 |  23.1 |   336M |  75 |  12k| 608 | 367 |1065 |  1 | 322 |2951 | 2.019916e+05 | 2.018452e+05 |   0.07%|  30.62%
  116s|  3400 |  3365 | 79435 |  23.0 |   337M |  75 |  12k| 614 | 369 |1093 |  1 | 328 |2963 | 2.019916e+05 | 2.018452e+05 |   0.07%|  30.62%
  118s|  3500 |  3465 | 81438 |  22.9 |   339M |  75 |  12k| 614 | 380 |1123 |  1 | 329 |2964 | 2.019916e+05 | 2.018452e+05 |   0.07%|  30.62%
  120s|  3600 |  3565 | 82804 |  22.6 |   339M |  79 |  12k| 616 | 372 |1143 |  1 | 331 |2976 | 2.019916e+05 | 2.018452e+05 |   0.07%|  30.62%
  126s|  3700 |  3663 | 93574 |  24.9 |   340M |  79 |  12k| 616 |   0 |1196 |  0 | 331 |2984 | 2.019916e+05 | 2.018452e+05 |   0.07%|  30.62%
  128s|  3800 |  3763 | 95727 |  24.9 |   340M |  79 |  12k| 616 | 372 |1217 |  1 | 331 |2986 | 2.019916e+05 | 2.018452e+05 |   0.07%|  30.62%
  130s|  3900 |  3863 | 97045 |  24.6 |   342M |  79 |  12k| 617 | 369 |1233 |  1 | 332 |3003 | 2.019916e+05 | 2.018452e+05 |   0.07%|  30.62%
  131s|  4000 |  3963 | 98466 |  24.3 |   342M |  79 |  12k| 615 | 368 |1254 |  1 | 332 |3011 | 2.019916e+05 | 2.018452e+05 |   0.07%|  30.62%
  133s|  4100 |  4063 |100063 |  24.1 |   342M |  79 |  12k| 618 | 372 |1277 |  1 | 335 |3018 | 2.019916e+05 | 2.018452e+05 |   0.07%|  30.62%
  135s|  4200 |  4161 |101680 |  23.9 |   343M |  79 |  12k| 626 | 374 |1304 |  1 | 346 |3067 | 2.019916e+05 | 2.018452e+05 |   0.07%|  30.62%
  137s|  4300 |  4261 |103171 |  23.7 |   345M |  79 |  12k| 626 | 376 |1333 |  1 | 346 |3070 | 2.019916e+05 | 2.018452e+05 |   0.07%|  30.62%
  139s|  4400 |  4361 |104444 |  23.4 |   345M |  79 |  12k| 628 | 373 |1347 |  1 | 348 |3080 | 2.019916e+05 | 2.018452e+05 |   0.07%|  30.62%
  141s|  4500 |  4459 |105906 |  23.2 |   346M |  79 |  12k| 630 | 373 |1384 |  1 | 350 |3085 | 2.019916e+05 | 2.018452e+05 |   0.07%|  30.62%
  143s|  4600 |  4559 |107606 |  23.1 |   346M |  79 |  12k| 627 | 374 |1422 |  1 | 350 |3137 | 2.019916e+05 | 2.018452e+05 |   0.07%|  30.62%
 time | node  | left  |LP iter|LP it/n|mem/heur|mdpt |vars |cons |rows |cuts |sepa|confs|strbr|  dualbound   | primalbound  |  gap   | compl. 
  145s|  4700 |  4659 |109040 |  22.9 |   347M |  79 |  12k| 627 | 372 |1460 |  2 | 351 |3144 | 2.019916e+05 | 2.018452e+05 |   0.07%|  30.62%
  147s|  4800 |  4759 |110455 |  22.7 |   348M |  79 |  12k| 627 | 370 |1483 |  1 | 351 |3205 | 2.019916e+05 | 2.018452e+05 |   0.07%|  30.62%
  149s|  4900 |  4853 |111913 |  22.6 |   349M |  81 |  12k| 627 | 369 |1501 |  1 | 351 |3215 | 2.019916e+05 | 2.018452e+05 |   0.07%|  30.62%
  151s|  5000 |  4953 |113043 |  22.4 |   351M |  81 |  12k| 641 | 373 |1541 |  1 | 366 |3223 | 2.019916e+05 | 2.018452e+05 |   0.07%|  30.62%
  152s|  5100 |  5051 |114416 |  22.2 |   351M |  81 |  12k| 647 | 374 |1554 |  1 | 372 |3246 | 2.019916e+05 | 2.018452e+05 |   0.07%|  30.62%
  154s|  5200 |  5149 |115828 |  22.0 |   352M |  81 |  12k| 649 | 373 |1570 |  1 | 374 |3251 | 2.019916e+05 | 2.018452e+05 |   0.07%|  30.62%
  156s|  5300 |  5245 |116866 |  21.8 |   355M |  81 |  12k| 652 | 376 |1595 |  1 | 378 |3270 | 2.019916e+05 | 2.018452e+05 |   0.07%|  30.62%
  158s|  5400 |  5345 |119056 |  21.8 |   358M |  81 |  12k| 652 | 369 |1624 |  1 | 380 |3302 | 2.019916e+05 | 2.018452e+05 |   0.07%|  30.62%
  160s|  5500 |  5443 |120246 |  21.6 |   358M |  81 |  12k| 652 | 372 |1641 |  1 | 380 |3303 | 2.019916e+05 | 2.018452e+05 |   0.07%|  30.62%
  162s|  5600 |  5541 |122004 |  21.6 |   359M |  81 |  12k| 663 | 373 |1661 |  1 | 394 |3308 | 2.019916e+05 | 2.018452e+05 |   0.07%|  30.62%
  164s|  5700 |  5641 |123677 |  21.5 |   361M |  81 |  12k| 673 | 369 |1683 |  1 | 406 |3310 | 2.019916e+05 | 2.018452e+05 |   0.07%|  30.62%
  166s|  5800 |  5741 |124899 |  21.3 |   363M |  81 |  12k| 673 | 377 |1709 |  1 | 407 |3335 | 2.019916e+05 | 2.018452e+05 |   0.07%|  30.62%
  167s|  5900 |  5839 |126156 |  21.2 |   364M |  86 |  12k| 673 | 373 |1732 |  1 | 408 |3348 | 2.019916e+05 | 2.018452e+05 |   0.07%|  30.62%
  169s|  6000 |  5937 |127255 |  21.0 |   365M |  86 |  12k| 673 | 372 |1760 |  1 | 409 |3362 | 2.019916e+05 | 2.018452e+05 |   0.07%|  30.62%
  171s|  6100 |  6037 |128413 |  20.8 |   366M |  86 |  12k| 674 | 369 |1790 |  1 | 410 |3363 | 2.019916e+05 | 2.018452e+05 |   0.07%|  30.62%
 time | node  | left  |LP iter|LP it/n|mem/heur|mdpt |vars |cons |rows |cuts |sepa|confs|strbr|  dualbound   | primalbound  |  gap   | compl. 
  173s|  6200 |  6135 |129362 |  20.7 |   367M |  86 |  12k| 693 | 371 |1799 |  1 | 444 |3422 | 2.019916e+05 | 2.018452e+05 |   0.07%|  30.62%
  177s|  6300 |  6229 |130437 |  20.5 |   367M |  86 |  12k| 706 | 373 |1821 |  1 | 484 |3506 | 2.019916e+05 | 2.018452e+05 |   0.07%|  30.62%
  179s|  6400 |  6329 |132069 |  20.4 |   367M |  86 |  12k| 709 | 378 |1853 |  1 | 487 |3511 | 2.019916e+05 | 2.018452e+05 |   0.07%|  30.62%
  181s|  6500 |  6423 |133195 |  20.3 |   368M |  86 |  12k| 711 | 373 |1870 |  1 | 491 |3526 | 2.019916e+05 | 2.018452e+05 |   0.07%|  30.62%
  182s|  6600 |  6523 |134442 |  20.2 |   369M |  86 |  12k| 724 | 369 |1890 |  1 | 507 |3534 | 2.019916e+05 | 2.018452e+05 |   0.07%|  30.62%
  184s|  6700 |  6623 |135573 |  20.0 |   369M |  86 |  12k| 725 | 374 |1913 |  2 | 509 |3541 | 2.019916e+05 | 2.018452e+05 |   0.07%|  30.62%
  186s|  6800 |  6723 |136535 |  19.9 |   369M |  86 |  12k| 730 | 378 |1942 |  1 | 515 |3541 | 2.019916e+05 | 2.018452e+05 |   0.07%|  30.62%
  188s|  6900 |  6817 |138037 |  19.8 |   372M |  86 |  12k| 737 | 372 |1969 |  0 | 524 |3584 | 2.019916e+05 | 2.018452e+05 |   0.07%|  30.62%
  190s|  7000 |  6915 |139990 |  19.8 |   372M |  86 |  12k| 738 | 373 |1990 |  1 | 526 |3599 | 2.019916e+05 | 2.018452e+05 |   0.07%|  30.62%
  192s|  7100 |  7011 |140808 |  19.7 |   372M |  86 |  12k| 742 | 373 |2005 |  1 | 531 |3615 | 2.019916e+05 | 2.018452e+05 |   0.07%|  30.62%
  194s|  7200 |  7111 |142744 |  19.6 |   373M |  86 |  12k| 743 | 373 |2020 |  1 | 534 |3615 | 2.019916e+05 | 2.018452e+05 |   0.07%|  30.62%
  196s|  7300 |  7209 |143721 |  19.5 |   375M |  86 |  12k| 748 | 375 |2044 |  1 | 539 |3622 | 2.019916e+05 | 2.018452e+05 |   0.07%|  30.62%
  197s|  7400 |  7297 |144780 |  19.4 |   375M |  86 |  12k| 752 | 375 |2065 |  1 | 544 |3625 | 2.019916e+05 | 2.018452e+05 |   0.07%|  30.62%
  199s|  7500 |  7395 |146111 |  19.3 |   376M |  86 |  12k| 752 | 373 |2091 |  1 | 546 |3634 | 2.019916e+05 | 2.018452e+05 |   0.07%|  30.62%
  201s|  7600 |  7489 |147185 |  19.2 |   378M |  86 |  12k| 755 | 372 |2101 |  1 | 549 |3651 | 2.019916e+05 | 2.018452e+05 |   0.07%|  30.62%
 time | node  | left  |LP iter|LP it/n|mem/heur|mdpt |vars |cons |rows |cuts |sepa|confs|strbr|  dualbound   | primalbound  |  gap   | compl. 
  203s|  7700 |  7589 |148270 |  19.1 |   380M |  86 |  12k| 755 | 373 |2114 |  1 | 549 |3665 | 2.019916e+05 | 2.018452e+05 |   0.07%|  30.62%
  205s|  7800 |  7689 |149783 |  19.0 |   380M |  86 |  12k| 761 | 380 |2147 |  1 | 557 |3675 | 2.019916e+05 | 2.018452e+05 |   0.07%|  30.62%
  208s|  7900 |  7789 |151648 |  19.0 |   381M |  86 |  12k| 762 | 371 |2169 |  2 | 560 |3684 | 2.019916e+05 | 2.018452e+05 |   0.07%|  30.62%
  210s|  8000 |  7887 |152620 |  18.9 |   382M |  86 |  12k| 780 | 373 |2195 |  1 | 580 |3730 | 2.019916e+05 | 2.018452e+05 |   0.07%|  30.62%
  212s|  8100 |  7987 |153755 |  18.8 |   382M |  86 |  12k| 778 | 372 |2208 |  1 | 581 |3734 | 2.019916e+05 | 2.018452e+05 |   0.07%|  30.62%
  214s|  8200 |  8087 |154677 |  18.7 |   383M |  86 |  12k| 781 | 372 |2225 |  1 | 585 |3737 | 2.019916e+05 | 2.018452e+05 |   0.07%|  30.62%
  215s|  8300 |  8187 |156187 |  18.7 |   383M |  86 |  12k| 777 | 368 |2241 |  1 | 585 |3738 | 2.019916e+05 | 2.018452e+05 |   0.07%|  30.62%
  218s|  8400 |  8287 |157866 |  18.6 |   386M |  86 |  12k| 777 | 371 |2272 |  1 | 585 |3747 | 2.019916e+05 | 2.018452e+05 |   0.07%|  30.62%
  220s|  8500 |  8385 |159200 |  18.6 |   387M |  86 |  12k| 779 | 370 |2292 |  1 | 589 |3757 | 2.019916e+05 | 2.018452e+05 |   0.07%|  30.62%
  222s|  8600 |  8481 |160361 |  18.5 |   387M |  86 |  12k| 780 |   0 |2301 |  0 | 590 |3757 | 2.019916e+05 | 2.018452e+05 |   0.07%|  30.62%
Restart triggered after 50 consecutive estimations that the remaining tree will be large
  224s|  8700 |  8579 |162000 |  18.5 |   387M |  86 |  12k| 786 | 372 |2330 |  1 | 608 |3779 | 2.019916e+05 | 2.018452e+05 |   0.07%|  30.62%
  226s|  8800 |  8677 |163351 |  18.4 |   390M |  86 |  12k| 783 | 375 |2345 |  2 | 608 |3780 | 2.019916e+05 | 2.018452e+05 |   0.07%|  30.62%
  228s|  8900 |  8777 |165141 |  18.4 |   390M |  86 |  12k| 782 | 374 |2371 |  1 | 608 |3782 | 2.019916e+05 | 2.018452e+05 |   0.07%|  30.62%
  231s|  9000 |  8877 |166851 |  18.4 |   391M |  86 |  12k| 820 | 368 |2395 |  1 | 649 |3857 | 2.019916e+05 | 2.018452e+05 |   0.07%|  30.62%
  234s|  9100 |  8963 |167965 |  18.3 |   392M |  92 |  12k| 840 | 370 |2413 |  2 | 684 |3892 | 2.019916e+05 | 2.018452e+05 |   0.07%|  30.62%
 time | node  | left  |LP iter|LP it/n|mem/heur|mdpt |vars |cons |rows |cuts |sepa|confs|strbr|  dualbound   | primalbound  |  gap   | compl. 
  236s|  9200 |  9063 |169396 |  18.3 |   396M |  92 |  12k| 850 | 374 |2433 |  1 | 696 |3892 | 2.019916e+05 | 2.018452e+05 |   0.07%|  30.62%
  238s|  9300 |  9163 |171071 |  18.3 |   398M |  92 |  12k| 848 | 377 |2454 |  2 | 697 |3895 | 2.019916e+05 | 2.018452e+05 |   0.07%|  30.62%
  239s|  9400 |  9263 |172621 |  18.2 |   398M |  92 |  12k| 845 | 373 |2476 |  1 | 699 |3917 | 2.019916e+05 | 2.018452e+05 |   0.07%|  30.62%
  242s|  9500 |  9349 |174206 |  18.2 |   401M |  92 |  12k| 846 | 373 |2499 |  1 | 702 |3960 | 2.019916e+05 | 2.018452e+05 |   0.07%|  30.62%
  243s|  9600 |  9445 |175463 |  18.1 |   403M |  92 |  12k| 849 | 379 |2517 |  1 | 706 |3960 | 2.019916e+05 | 2.018452e+05 |   0.07%|  30.62%
  245s|  9700 |  9543 |176893 |  18.1 |   404M |  92 |  12k| 847 | 364 |2527 |  1 | 706 |3960 | 2.019916e+05 | 2.018452e+05 |   0.07%|  30.62%
  247s|  9800 |  9643 |178210 |  18.1 |   406M |  92 |  12k| 850 | 373 |2554 |  1 | 710 |3960 | 2.019916e+05 | 2.018452e+05 |   0.07%|  30.62%
  249s|  9900 |  9743 |179408 |  18.0 |   406M |  92 |  12k| 860 | 377 |2591 |  1 | 721 |3987 | 2.019916e+05 | 2.018452e+05 |   0.07%|  30.62%
  252s| 10000 |  9831 |183870 |  18.3 |   407M |  92 |  12k| 861 | 370 |2606 |  1 | 727 |3987 | 2.019916e+05 | 2.018452e+05 |   0.07%|  30.62%
  254s| 10100 |  9931 |185336 |  18.2 |   408M |  92 |  12k| 858 | 376 |2641 |  1 | 727 |3995 | 2.019916e+05 | 2.018452e+05 |   0.07%|  30.62%
  256s| 10200 | 10027 |186519 |  18.2 |   409M |  92 |  12k| 855 | 376 |2680 |  1 | 727 |4018 | 2.019916e+05 | 2.018452e+05 |   0.07%|  30.62%
  257s| 10300 | 10125 |187611 |  18.1 |   409M |  92 |  12k| 843 | 364 |2691 |  1 | 727 |4023 | 2.019916e+05 | 2.018452e+05 |   0.07%|  30.62%
  259s| 10400 | 10225 |188800 |  18.0 |   412M |  92 |  12k| 834 | 370 |2718 |  2 | 727 |4024 | 2.019916e+05 | 2.018452e+05 |   0.07%|  30.62%
  261s| 10500 | 10325 |190077 |  18.0 |   415M |  92 |  12k| 836 | 371 |2743 |  1 | 731 |4029 | 2.019916e+05 | 2.018452e+05 |   0.07%|  30.62%
  263s| 10600 | 10423 |191235 |  17.9 |   417M |  92 |  12k| 836 | 367 |2754 |  1 | 734 |4060 | 2.019916e+05 | 2.018452e+05 |   0.07%|  30.62%
 time | node  | left  |LP iter|LP it/n|mem/heur|mdpt |vars |cons |rows |cuts |sepa|confs|strbr|  dualbound   | primalbound  |  gap   | compl. 
  264s| 10700 | 10523 |192879 |  17.9 |   417M |  92 |  12k| 834 | 372 |2776 |  1 | 735 |4061 | 2.019916e+05 | 2.018452e+05 |   0.07%|  30.62%
  266s| 10800 | 10621 |194527 |  17.9 |   418M |  92 |  12k| 829 | 368 |2795 |  1 | 737 |4066 | 2.019916e+05 | 2.018452e+05 |   0.07%|  30.62%
  268s| 10900 | 10721 |195837 |  17.8 |   419M |  92 |  12k| 830 | 375 |2817 |  2 | 739 |4066 | 2.019916e+05 | 2.018452e+05 |   0.07%|  30.62%
  269s| 11000 | 10813 |196768 |  17.8 |   423M |  92 |  12k| 836 | 373 |2824 |  1 | 749 |4092 | 2.019916e+05 | 2.018452e+05 |   0.07%|  30.62%
  271s| 11100 | 10913 |198232 |  17.7 |   423M |  92 |  12k| 832 | 377 |2840 |  1 | 749 |4093 | 2.019916e+05 | 2.018452e+05 |   0.07%|  30.62%
  273s| 11200 | 11009 |200580 |  17.8 |   423M |  92 |  12k| 832 | 375 |2861 |  1 | 755 |4104 | 2.019916e+05 | 2.018452e+05 |   0.07%|  30.62%
  275s| 11300 | 11099 |201412 |  17.7 |   424M |  92 |  12k| 847 | 376 |2871 |  1 | 795 |4143 | 2.019916e+05 | 2.018452e+05 |   0.07%|  30.62%
  277s| 11400 | 11197 |203068 |  17.7 |   425M |  92 |  12k| 843 | 377 |2890 |  1 | 797 |4204 | 2.019916e+05 | 2.018452e+05 |   0.07%|  30.62%
  279s| 11500 | 11297 |204181 |  17.6 |   426M |  92 |  12k| 837 | 376 |2907 |  1 | 798 |4206 | 2.019916e+05 | 2.018452e+05 |   0.07%|  30.62%
  280s| 11600 | 11397 |205189 |  17.6 |   427M |  92 |  12k| 838 | 369 |2912 |  1 | 801 |4206 | 2.019916e+05 | 2.018452e+05 |   0.07%|  30.62%
  282s| 11700 | 11497 |206609 |  17.5 |   428M |  92 |  12k| 838 | 367 |2941 |  1 | 802 |4207 | 2.019916e+05 | 2.018452e+05 |   0.07%|  30.62%
  283s| 11800 | 11585 |207880 |  17.5 |   429M |  92 |  12k| 870 | 376 |2947 |  1 | 837 |4211 | 2.019916e+05 | 2.018452e+05 |   0.07%|  30.62%
  286s| 11900 | 11679 |208785 |  17.4 |   432M |  92 |  12k| 898 | 374 |2962 |  0 | 885 |4288 | 2.019916e+05 | 2.018452e+05 |   0.07%|  30.62%
  287s| 12000 | 11771 |209752 |  17.4 |   433M |  92 |  12k| 903 | 373 |2967 |  1 | 895 |4308 | 2.019916e+05 | 2.018452e+05 |   0.07%|  30.62%
  289s| 12100 | 11871 |211372 |  17.4 |   435M |  92 |  12k| 895 | 374 |2989 |  1 | 895 |4333 | 2.019916e+05 | 2.018452e+05 |   0.07%|  30.62%
 time | node  | left  |LP iter|LP it/n|mem/heur|mdpt |vars |cons |rows |cuts |sepa|confs|strbr|  dualbound   | primalbound  |  gap   | compl. 
  291s| 12200 | 11971 |212407 |  17.3 |   436M |  92 |  12k| 890 | 381 |3015 |  1 | 895 |4339 | 2.019916e+05 | 2.018452e+05 |   0.07%|  30.62%
  292s| 12300 | 12059 |213691 |  17.3 |   437M |  92 |  12k| 905 | 374 |3032 |  1 | 912 |4354 | 2.019916e+05 | 2.018452e+05 |   0.07%|  30.62%
  294s| 12400 | 12157 |214693 |  17.2 |   437M |  92 |  12k| 884 | 373 |3040 |  1 | 913 |4355 | 2.019916e+05 | 2.018452e+05 |   0.07%|  30.62%
  295s| 12500 | 12253 |215701 |  17.2 |   441M |  92 |  12k| 884 | 369 |3059 |  1 | 916 |4364 | 2.019916e+05 | 2.018452e+05 |   0.07%|  30.62%
  297s| 12600 | 12353 |216426 |  17.1 |   441M |  92 |  12k| 883 | 371 |3078 |  1 | 920 |4365 | 2.019916e+05 | 2.018452e+05 |   0.07%|  30.62%
  298s| 12700 | 12453 |217769 |  17.0 |   441M |  92 |  12k| 892 | 367 |3106 |  1 | 942 |4366 | 2.019916e+05 | 2.018452e+05 |   0.07%|  30.62%

SCIP Status        : solving was interrupted [time limit reached]
Solving Time (sec) : 300.00
Solving Nodes      : 12758
Primal Bound       : +2.01845218293344e+05 (569 solutions)
Dual Bound         : +2.01991645224128e+05
Gap                : 0.07 %
