[batch] case_tag = i200v3t300
[batch] command = D:\python311\python311.exe D:\研一上\研究课题\bld\bld_new\v_by_v_warmstart_parallel\bld_main.py --mode solve --input D:\研一上\研究课题\bld\bld_new\v_by_v_warmstart_parallel\parallel_runs\inputs\i200v3t300_input.xlsx --output D:\研一上\研究课题\bld\bld_new\v_by_v_warmstart_parallel\parallel_runs\outputs\i200v3t300.xlsx --main-time-limit 300
[batch] MAIN_TIME_LIMIT_SEC = 300
[batch] WARMSTART_TIME_LIMIT_SEC = None
[batch] DISABLE_WARMSTART = False

正在读取数据(Excel).

========== Params 读取回显（input.xlsx -> Params） ==========
  B1 | num_of_SKUs     = 200
  B2 | num_of_Vehicles = 3
  B3 | num_of_Batches  = 40
  B4 | B_LB            = 3
  B5 | B_UB            = 10
  B6 | b_v             = 5
  B7 | M_vk            = 10
  B8 | W_v_min         = 28.5
  B9 | W_v_max         = 32.5
 B10 | run_epagap      = 0.005
 B11 | run_epgap       = 0.003
 B12 | run_tilim       = 200.0
===========================================================

数据读取成功!
Prices 原始批次数: 40；启用批次数(进入模型): 20；Active=0 已被过滤: 20
=== 数据验证 ===
beta_min 样本: [0.35, 0.35, 0.35, 0.35, 0.35]
beta_max 样本: [0.4, 0.4, 0.4, 0.4, 0.4]
alpha_min 样本: [0.0, 0.005, 0.01, 0.015, 0.025]
alpha_max 样本: [0.005, 0.01, 0.015, 0.025, 0.07]
SKU beta 样本: [0.5247999999999999, 0.42469999999999997, 0.30635, 0.29864999999999997, 0.29864999999999997]
SKU alpha 样本: [0.013295, 0.068285, 0.1168, 0.1219, 0.1219]
[success]订单参数预检查通过。
进入优化模型求解.
[debug] loaded solver file: D:\研一上\研究课题\bld\bld_new\v_by_v_warmstart_parallel\bld_solver.py
构建整体 MIP 模型（使用顺序配矿结果作为热启动）...
[debug] run_epgap = 0.003
[debug] run_epagap = 0.005
[debug] run_tilim = 200.0
[debug] FORCE_MAIN_MIP_TIME_LIMIT_SEC = None
[debug] APPLY_MAIN_MIP_GAP_LIMITS = False
[debug] main_time_limit_source = --main-time-limit
[debug] effective_main_mip_time_limit_sec = 300.0
构建顺序配矿热启动解（按车辆逐车求解）...
[warmstart] 顺序热启动阶段沿用原始 run_tilim=200.000s

================ 当前求解车辆 1/3 ================
配置 SCIP 求解参数（单车热启动子问题）...
presolving:
   (0.0s) symmetry computation started: requiring (bin +, int +, cont +), (fixed: bin -, int -, cont -)
   (0.0s) symmetry computation finished: 1 generators found (max: 1500, log10 of symmetry group size: 0.00) (symcode time: 0.00)
dynamic symmetry handling statistics:
   orbitopal reduction:       no components
   orbital reduction:         no components
   lexicographic reduction:    1 permutations with support sizes 40
handled 1 out of 1 symmetry components
presolving (0 rounds: 0 fast, 0 medium, 0 exhaustive):
 0 deleted vars, 0 deleted constraints, 0 added constraints, 0 tightened bounds, 0 added holes, 0 changed sides, 0 changed coefficients
 0 implications, 0 cliques
presolved problem has 4020 variables (4020 bin, 0 int, 0 impl, 0 cont) and 304 constraints
    304 constraints of type <linear>
Presolving Time: 0.00

 time | node  | left  |LP iter|LP it/n|mem/heur|mdpt |vars |cons |rows |cuts |sepa|confs|strbr|  dualbound   | primalbound  |  gap   | compl. 
  0.0s|     1 |     0 |    53 |     - |    59M |   0 |4020 | 331 | 295 |   0 |  0 |  36 |   0 | 6.928231e+04 |      --      |    Inf | unknown
r 0.0s|     1 |     0 |    53 |     - |shifting|   0 |4020 | 331 | 295 |   0 |  0 |  36 |   0 | 6.928231e+04 | 6.021774e+04 |  15.05%| unknown
  1.0s|     1 |     0 |    61 |     - |    62M |   0 |4020 | 331 | 298 |   3 |  1 |  36 |   0 | 6.928171e+04 | 6.021774e+04 |  15.05%| unknown
i 1.0s|     1 |     0 |    61 |     - |  oneopt|   0 |4020 | 331 | 298 |   3 |  1 |  36 |   0 | 6.928171e+04 | 6.844237e+04 |   1.23%| unknown
  1.0s|     1 |     0 |    76 |     - |    63M |   0 |4020 | 331 | 301 |   6 |  2 |  36 |   0 | 6.928077e+04 | 6.844237e+04 |   1.22%| unknown
  1.0s|     1 |     0 |    76 |     - |    64M |   0 |4020 | 331 | 277 |   6 |  2 |  36 |   0 | 6.928077e+04 | 6.844237e+04 |   1.22%| unknown
  1.0s|     1 |     0 |    86 |     - |    64M |   0 |4020 | 331 | 280 |   9 |  3 |  36 |   0 | 6.928057e+04 | 6.844237e+04 |   1.22%| unknown
  1.0s|     1 |     0 |    95 |     - |    66M |   0 |4020 | 331 | 283 |  12 |  4 |  36 |   0 | 6.928042e+04 | 6.844237e+04 |   1.22%| unknown
  1.0s|     1 |     0 |    98 |     - |    67M |   0 |4020 | 331 | 287 |  16 |  5 |  36 |   0 | 6.928035e+04 | 6.844237e+04 |   1.22%| unknown
  1.0s|     1 |     0 |   105 |     - |    67M |   0 |4020 | 331 | 290 |  19 |  6 |  36 |   0 | 6.928032e+04 | 6.844237e+04 |   1.22%| unknown
  1.0s|     1 |     0 |   113 |     - |    69M |   0 |4020 | 331 | 293 |  22 |  7 |  36 |   0 | 6.928029e+04 | 6.844237e+04 |   1.22%| unknown
  1.0s|     1 |     0 |   123 |     - |    70M |   0 |4020 | 331 | 296 |  25 |  8 |  36 |   0 | 6.928024e+04 | 6.844237e+04 |   1.22%| unknown
r 1.0s|     1 |     0 |   123 |     - |shifting|   0 |4020 | 331 | 296 |  25 |  8 |  36 |   0 | 6.928024e+04 | 6.889242e+04 |   0.56%| unknown
  1.0s|     1 |     0 |   127 |     - |    71M |   0 |4020 | 331 | 299 |  28 |  9 |  36 |   0 | 6.928020e+04 | 6.889242e+04 |   0.56%| unknown
  1.0s|     1 |     0 |   127 |     - |    71M |   0 |4020 | 331 | 238 |  28 |  9 |  36 |   0 | 6.928020e+04 | 6.889242e+04 |   0.56%| unknown
 time | node  | left  |LP iter|LP it/n|mem/heur|mdpt |vars |cons |rows |cuts |sepa|confs|strbr|  dualbound   | primalbound  |  gap   | compl. 
  1.0s|     1 |     0 |   131 |     - |    71M |   0 |4020 | 300 | 241 |  31 | 10 |  36 |   0 | 6.928017e+04 | 6.889242e+04 |   0.56%| unknown
  1.0s|     1 |     0 |   140 |     - |    71M |   0 |4020 | 300 | 244 |  34 | 11 |  36 |   0 | 6.928011e+04 | 6.889242e+04 |   0.56%| unknown
L 1.0s|     1 |     0 |   466 |     - |    alns|   0 |4020 | 254 | 244 |  34 | 11 |  76 |   0 | 6.928011e+04 | 6.901371e+04 |   0.39%| unknown
  1.0s|     1 |     0 |   466 |     - |    71M |   0 |4020 | 254 | 244 |  34 | 11 |  76 |   0 | 6.928011e+04 | 6.901371e+04 |   0.39%| unknown
  1.0s|     1 |     0 |   466 |     - |    71M |   0 |4020 | 254 | 214 |  34 | 11 |  76 |   0 | 6.928011e+04 | 6.901371e+04 |   0.39%| unknown
  1.0s|     1 |     0 |   473 |     - |    71M |   0 |4020 | 253 | 216 |  36 | 12 |  76 |   0 | 6.928007e+04 | 6.901371e+04 |   0.39%| unknown
  1.0s|     1 |     0 |   485 |     - |    71M |   0 |4020 | 253 | 219 |  39 | 13 |  76 |   0 | 6.928003e+04 | 6.901371e+04 |   0.39%| unknown
  2.0s|     1 |     2 |   485 |     - |    71M |   0 |4020 | 219 | 219 |  39 | 13 |  76 |  28 | 6.927825e+04 | 6.901371e+04 |   0.38%| unknown
  5.0s|   100 |    87 |  1997 |  18.6 |    95M |  19 |4020 | 279 | 203 | 101 |  1 | 138 | 636 | 6.927814e+04 | 6.901371e+04 |   0.38%|   8.00%
d 7.0s|   170 |   146 |  3953 |  22.4 |conflict|  24 |4020 | 313 | 203 |   0 |  1 | 173 | 658 | 6.927814e+04 | 6.918869e+04 |   0.13%|  16.17%

SCIP Status        : solving was interrupted [gap limit reached]
Solving Time (sec) : 7.00
Solving Nodes      : 170
Primal Bound       : +6.91886948363227e+04 (114 solutions)
Dual Bound         : +6.92781427946302e+04
Gap                : 0.13 %
[SCIP-SEQ] Solver status: gaplimit
[SCIP-SEQ] Best objective (bestSol): 69188.69483632267
[SCIP-SEQ] Final relative gap: 0.0012928117594812707
[warmstart] 第 1 车完成：已分配 SKU 数=26，装载湿重=32.500000，本车目标值=69188.694836，剩余 SKU 数=174

================ 当前求解车辆 2/3 ================
配置 SCIP 求解参数（单车热启动子问题）...
presolving:
   (0.0s) symmetry computation started: requiring (bin +, int +, cont +), (fixed: bin -, int -, cont -)
   (0.0s) symmetry computation finished: 1 generators found (max: 1500, log10 of symmetry group size: 0.00) (symcode time: 0.00)
dynamic symmetry handling statistics:
   orbitopal reduction:       no components
   orbital reduction:         no components
   lexicographic reduction:    1 permutations with support sizes 40
handled 1 out of 1 symmetry components
presolving (0 rounds: 0 fast, 0 medium, 0 exhaustive):
 0 deleted vars, 0 deleted constraints, 0 added constraints, 0 tightened bounds, 0 added holes, 0 changed sides, 0 changed coefficients
 0 implications, 0 cliques
presolved problem has 3500 variables (3500 bin, 0 int, 0 impl, 0 cont) and 278 constraints
    278 constraints of type <linear>
Presolving Time: 0.00

 time | node  | left  |LP iter|LP it/n|mem/heur|mdpt |vars |cons |rows |cuts |sepa|confs|strbr|  dualbound   | primalbound  |  gap   | compl. 
  0.0s|     1 |     0 |    51 |     - |    52M |   0 |3500 | 276 | 269 |   0 |  0 |   7 |   0 | 6.743677e+04 |      --      |    Inf | unknown
  1.0s|     1 |     0 |    92 |     - |    54M |   0 |3500 | 276 | 272 |   3 |  1 |   7 |   0 | 6.743599e+04 |      --      |    Inf | unknown
  1.0s|     1 |     0 |   101 |     - |    55M |   0 |3500 | 276 | 276 |   7 |  2 |   7 |   0 | 6.743488e+04 |      --      |    Inf | unknown
r 1.0s|     1 |     0 |   101 |     - |shifting|   0 |3500 | 276 | 276 |   7 |  2 |   7 |   0 | 6.743488e+04 | 6.310302e+04 |   6.86%| unknown
  1.0s|     1 |     0 |   112 |     - |    56M |   0 |3500 | 276 | 279 |  10 |  3 |   7 |   0 | 6.743473e+04 | 6.310302e+04 |   6.86%| unknown
i 1.0s|     1 |     0 |   112 |     - |  oneopt|   0 |3500 | 276 | 279 |  10 |  3 |   7 |   0 | 6.743473e+04 | 6.595408e+04 |   2.24%| unknown
  1.0s|     1 |     0 |   121 |     - |    58M |   0 |3500 | 276 | 282 |  13 |  4 |   7 |   0 | 6.743458e+04 | 6.595408e+04 |   2.24%| unknown
  1.0s|     1 |     0 |   133 |     - |    59M |   0 |3500 | 276 | 285 |  16 |  5 |   7 |   0 | 6.743453e+04 | 6.595408e+04 |   2.24%| unknown
  1.0s|     1 |     0 |   139 |     - |    61M |   0 |3500 | 276 | 288 |  19 |  6 |   7 |   0 | 6.743451e+04 | 6.595408e+04 |   2.24%| unknown
  1.0s|     1 |     0 |   149 |     - |    63M |   0 |3500 | 276 | 291 |  22 |  7 |   7 |   0 | 6.743445e+04 | 6.595408e+04 |   2.24%| unknown
  1.0s|     1 |     0 |   155 |     - |    64M |   0 |3500 | 276 | 294 |  25 |  8 |   7 |   0 | 6.743443e+04 | 6.595408e+04 |   2.24%| unknown
  1.0s|     1 |     0 |   170 |     - |    64M |   0 |3500 | 276 | 297 |  28 |  9 |   7 |   0 | 6.743403e+04 | 6.595408e+04 |   2.24%| unknown
  1.0s|     1 |     0 |   181 |     - |    66M |   0 |3500 | 276 | 300 |  31 | 10 |   7 |   0 | 6.743401e+04 | 6.595408e+04 |   2.24%| unknown
  1.0s|     1 |     0 |   187 |     - |    67M |   0 |3500 | 276 | 302 |  34 | 11 |   7 |   0 | 6.743401e+04 | 6.595408e+04 |   2.24%| unknown
L 1.0s|     1 |     0 |   497 |     - |    alns|   0 |3500 | 292 | 302 |  34 | 11 |  23 |   0 | 6.743401e+04 | 6.604768e+04 |   2.10%| unknown
 time | node  | left  |LP iter|LP it/n|mem/heur|mdpt |vars |cons |rows |cuts |sepa|confs|strbr|  dualbound   | primalbound  |  gap   | compl. 
  1.0s|     1 |     0 |   497 |     - |    68M |   0 |3500 | 292 | 302 |  34 | 11 |  23 |   0 | 6.743401e+04 | 6.604768e+04 |   2.10%| unknown
  1.0s|     1 |     0 |   506 |     - |    73M |   0 |3500 | 292 | 304 |  37 | 12 |  23 |   0 | 6.743401e+04 | 6.604768e+04 |   2.10%| unknown
  1.0s|     1 |     0 |   510 |     - |    73M |   0 |3500 | 292 | 307 |  40 | 13 |  23 |   0 | 6.743400e+04 | 6.604768e+04 |   2.10%| unknown
  1.0s|     1 |     0 |   510 |     - |    73M |   0 |3500 | 292 | 307 |  40 | 13 |  23 |  19 | 6.743336e+04 | 6.604768e+04 |   2.10%| unknown
  1.0s|     1 |     0 |   513 |     - |    73M |   0 |3500 | 292 | 310 |  43 | 14 |  23 |  19 | 6.743336e+04 | 6.604768e+04 |   2.10%| unknown
  1.0s|     1 |     0 |   527 |     - |    73M |   0 |3500 | 293 | 312 |  45 | 15 |  24 |  19 | 6.743336e+04 | 6.604768e+04 |   2.10%| unknown
  2.0s|     1 |     2 |   527 |     - |    73M |   0 |3500 | 293 | 312 |  45 | 15 |  24 |  35 | 6.743336e+04 | 6.604768e+04 |   2.10%| unknown
r 3.0s|    32 |    27 |  1222 |  32.4 |rounding|  14 |3500 | 299 | 286 |  60 |  0 |  32 | 306 | 6.743309e+04 | 6.670059e+04 |   1.10%| unknown
d 3.0s|    43 |    27 |  1332 |  26.5 |pscostdi|  16 |3500 | 299 | 289 |   0 |  1 |  32 | 349 | 6.743309e+04 | 6.706942e+04 |   0.54%|   4.04%
d 4.0s|    71 |    49 |  1782 |  22.4 |fracdivi|  16 |3500 | 301 | 291 |   0 |  1 |  34 | 400 | 6.743309e+04 | 6.716344e+04 |   0.40%|   5.20%
  4.0s|   100 |    78 |  2071 |  18.7 |    88M |  18 |3500 | 301 | 286 |  89 |  1 |  34 | 427 | 6.743309e+04 | 6.716344e+04 |   0.40%|   5.20%
L 5.0s|   146 |   120 |  2784 |  17.7 |    alns|  20 |3500 | 301 | 291 | 126 |  1 |  34 | 466 | 6.743297e+04 | 6.720170e+04 |   0.34%|   7.53%
  5.0s|   200 |   166 |  3288 |  15.4 |   106M |  23 |3500 | 309 | 290 | 149 |  1 |  42 | 498 | 6.743297e+04 | 6.720170e+04 |   0.34%|   7.54%
  7.0s|   300 |   262 |  4866 |  15.5 |   131M |  23 |3500 | 325 | 295 | 319 |  2 |  62 | 596 | 6.743294e+04 | 6.720170e+04 |   0.34%|   7.54%
L 8.0s|   346 |   226 |  5378 |  15.0 |crossove|  34 |3500 | 333 | 291 | 336 |  1 |  70 | 619 | 6.743294e+04 | 6.736660e+04 |   0.10%|  23.62%

SCIP Status        : solving was interrupted [gap limit reached]
Solving Time (sec) : 8.00
Solving Nodes      : 346
Primal Bound       : +6.73665962334109e+04 (222 solutions)
Dual Bound         : +6.74329447983850e+04
Gap                : 0.10 %
[SCIP-SEQ] Solver status: gaplimit
[SCIP-SEQ] Best objective (bestSol): 67366.59623341086
[SCIP-SEQ] Final relative gap: 0.0009848881891584213
[warmstart] 第 2 车完成：已分配 SKU 数=25，装载湿重=32.488000，本车目标值=67366.596233，剩余 SKU 数=149

================ 当前求解车辆 3/3 ================
配置 SCIP 求解参数（单车热启动子问题）...
presolving:
   (0.0s) symmetry computation started: requiring (bin +, int +, cont +), (fixed: bin -, int -, cont -)
   (0.0s) no symmetry present (symcode time: 0.00)
presolving (0 rounds: 0 fast, 0 medium, 0 exhaustive):
 0 deleted vars, 0 deleted constraints, 0 added constraints, 0 tightened bounds, 0 added holes, 0 changed sides, 0 changed coefficients
 0 implications, 0 cliques
presolved problem has 3000 variables (3000 bin, 0 int, 0 impl, 0 cont) and 253 constraints
    253 constraints of type <linear>
Presolving Time: 0.00

 time | node  | left  |LP iter|LP it/n|mem/heur|mdpt |vars |cons |rows |cuts |sepa|confs|strbr|  dualbound   | primalbound  |  gap   | compl. 
  0.0s|     1 |     0 |    78 |     - |    26M |   0 |3000 | 300 | 244 |   0 |  0 |  56 |   0 | 6.538780e+04 |      --      |    Inf | unknown
  0.0s|     1 |     0 |   142 |     - |    28M |   0 |3000 | 300 | 248 |   4 |  1 |  56 |   0 | 6.538569e+04 |      --      |    Inf | unknown
  0.0s|     1 |     0 |   147 |     - |    28M |   0 |3000 | 300 | 252 |   8 |  2 |  56 |   0 | 6.538557e+04 |      --      |    Inf | unknown
  0.0s|     1 |     0 |   163 |     - |    30M |   0 |3000 | 300 | 258 |  14 |  3 |  56 |   0 | 6.538521e+04 |      --      |    Inf | unknown
  0.0s|     1 |     0 |   170 |     - |    30M |   0 |3000 | 300 | 262 |  18 |  4 |  56 |   0 | 6.538509e+04 |      --      |    Inf | unknown
  0.0s|     1 |     0 |   177 |     - |    31M |   0 |3000 | 300 | 266 |  22 |  5 |  56 |   0 | 6.538500e+04 |      --      |    Inf | unknown
  0.0s|     1 |     0 |   183 |     - |    32M |   0 |3000 | 300 | 270 |  26 |  6 |  56 |   0 | 6.538497e+04 |      --      |    Inf | unknown
  0.0s|     1 |     0 |   198 |     - |    34M |   0 |3000 | 300 | 274 |  30 |  7 |  56 |   0 | 6.538491e+04 |      --      |    Inf | unknown
  0.0s|     1 |     0 |   211 |     - |    34M |   0 |3000 | 300 | 278 |  34 |  8 |  56 |   0 | 6.538485e+04 |      --      |    Inf | unknown
  0.0s|     1 |     0 |   223 |     - |    34M |   0 |3000 | 300 | 281 |  37 |  9 |  56 |   0 | 6.538474e+04 |      --      |    Inf | unknown
  0.0s|     1 |     0 |   229 |     - |    34M |   0 |3000 | 302 | 285 |  41 | 10 |  58 |   0 | 6.538473e+04 |      --      |    Inf | unknown
  0.0s|     1 |     0 |   238 |     - |    34M |   0 |3000 | 302 | 289 |  45 | 11 |  58 |   0 | 6.538468e+04 |      --      |    Inf | unknown
  1.0s|     1 |     0 |   372 |     - |    35M |   0 |3000 | 304 | 285 |  45 | 11 |  65 |   8 | 6.538417e+04 |      --      |    Inf | unknown
  1.0s|     1 |     0 |   387 |     - |    37M |   0 |3000 | 304 | 289 |  49 | 12 |  65 |   8 | 6.538410e+04 |      --      |    Inf | unknown
  1.0s|     1 |     0 |   394 |     - |    37M |   0 |3000 | 304 | 292 |  52 | 13 |  65 |   8 | 6.538397e+04 |      --      |    Inf | unknown
 time | node  | left  |LP iter|LP it/n|mem/heur|mdpt |vars |cons |rows |cuts |sepa|confs|strbr|  dualbound   | primalbound  |  gap   | compl. 
  1.0s|     1 |     0 |   458 |     - |    37M |   0 |3000 | 303 | 292 |  52 | 13 |  65 |   9 | 6.535404e+04 |      --      |    Inf | unknown
  1.0s|     1 |     0 |   490 |     - |    38M |   0 |3000 | 302 | 296 |  56 | 14 |  65 |   9 | 6.535404e+04 |      --      |    Inf | unknown
  1.0s|     1 |     0 |   493 |     - |    38M |   0 |3000 | 302 | 298 |  58 | 15 |  65 |   9 | 6.535404e+04 |      --      |    Inf | unknown
  1.0s|     1 |     0 |   499 |     - |    38M |   0 |3000 | 303 | 298 |  58 | 15 |  67 |  12 | 6.535404e+04 |      --      |    Inf | unknown
  1.0s|     1 |     0 |   517 |     - |    38M |   0 |3000 | 303 | 302 |  62 | 16 |  67 |  12 | 6.535404e+04 |      --      |    Inf | unknown
  1.0s|     1 |     0 |   534 |     - |    38M |   0 |3000 | 303 | 305 |  65 | 17 |  67 |  12 | 6.535404e+04 |      --      |    Inf | unknown
  1.0s|     1 |     0 |   543 |     - |    38M |   0 |3000 | 299 | 305 |  65 | 17 |  67 |  13 | 6.535404e+04 |      --      |    Inf | unknown
  1.0s|     1 |     0 |   578 |     - |    38M |   0 |3000 | 299 | 309 |  69 | 18 |  67 |  13 | 6.535404e+04 |      --      |    Inf | unknown
  1.0s|     1 |     0 |   599 |     - |    38M |   0 |3000 | 299 | 311 |  71 | 19 |  67 |  13 | 6.535404e+04 |      --      |    Inf | unknown
  1.0s|     1 |     0 |   600 |     - |    38M |   0 |3000 | 299 | 311 |  71 | 19 |  67 |  14 | 6.535404e+04 |      --      |    Inf | unknown
  1.0s|     1 |     0 |   618 |     - |    38M |   0 |3000 | 299 | 316 |  76 | 20 |  67 |  14 | 6.535404e+04 |      --      |    Inf | unknown
  1.0s|     1 |     0 |   635 |     - |    38M |   0 |3000 | 299 | 318 |  78 | 21 |  67 |  14 | 6.535404e+04 |      --      |    Inf | unknown
  1.0s|     1 |     2 |   635 |     - |    38M |   0 |3000 | 301 | 318 |  78 | 21 |  69 |  25 | 6.535404e+04 |      --      |    Inf | unknown
r 2.0s|    25 |    23 |  1415 |  37.5 |shifting|  13 |3000 | 304 | 299 | 117 |  4 |  76 | 268 | 6.533715e+04 | 5.675616e+04 |  15.12%| unknown
i 2.0s|    25 |    20 |  1426 |  38.0 |  oneopt|  13 |3000 | 304 | 305 | 123 |  5 |  76 | 268 | 6.533715e+04 | 6.350389e+04 |   2.89%| unknown
 time | node  | left  |LP iter|LP it/n|mem/heur|mdpt |vars |cons |rows |cuts |sepa|confs|strbr|  dualbound   | primalbound  |  gap   | compl. 
r 3.0s|    35 |    17 |  1846 |  39.1 |ziroundi|  13 |3000 | 305 | 272 | 144 |  1 |  77 | 357 | 6.533696e+04 | 6.477407e+04 |   0.87%|   1.77%
r 3.0s|    36 |    11 |  1851 |  38.2 |shifting|  13 |3000 | 305 | 276 | 148 |  1 |  77 | 357 | 6.533696e+04 | 6.498318e+04 |   0.54%|   9.22%
r 3.0s|    36 |    11 |  1855 |  38.3 |shifting|  13 |3000 | 305 | 279 | 151 |  2 |  77 | 357 | 6.533696e+04 | 6.510802e+04 |   0.35%|   9.22%
  4.0s|   100 |    75 |  3470 |  29.8 |    66M |  17 |3000 | 304 | 281 | 232 |  1 |  85 | 522 | 6.533574e+04 | 6.510802e+04 |   0.35%|   9.27%
  6.0s|   200 |   149 |  5216 |  23.6 |    88M |  22 |3000 | 310 | 279 | 376 |  1 |  91 | 638 | 6.533278e+04 | 6.510802e+04 |   0.35%|   9.88%
L 6.0s|   236 |   173 |  5708 |  22.1 |    rins|  22 |3000 | 318 | 275 | 393 |  1 | 101 | 647 | 6.532943e+04 | 6.514936e+04 |   0.28%|  10.27%

SCIP Status        : solving was interrupted [gap limit reached]
Solving Time (sec) : 6.00
Solving Nodes      : 236
Primal Bound       : +6.51493619834383e+04 (99 solutions)
Dual Bound         : +6.53294325217630e+04
Gap                : 0.28 %
[SCIP-SEQ] Solver status: gaplimit
[SCIP-SEQ] Best objective (bestSol): 65149.36198343832
[SCIP-SEQ] Final relative gap: 0.0027639647241736887
[warmstart] 第 3 车完成：已分配 SKU 数=26，装载湿重=32.493000，本车目标值=65149.361983，剩余 SKU 数=123
[warmstart] 顺序配矿热启动解已生成：目标值=201704.653053, 已分配 SKU=77, 使用批次=5, 用时=20.531s
配置 SCIP 求解参数（整车整体 MIP）...
[progress]整车整体 MIP 阶段已禁用 run_epgap / run_epagap 提前停机，仅保留时间上限。
[progress]整车整体 MIP 阶段强制时间限制：300.0 秒（5.00 分钟），来源：--main-time-limit
[progress]warmstart 阶段实际耗时：20.531 秒；该耗时不会扣减整车整体 MIP 主求解阶段的时间上限。
[warmstart] 已向 SCIP 注入初始解：assigned_skus=77, used_vk_pairs=10, stored=True
[progress]项目目录包含非 ASCII 路径，SCIP 原生日志改为写入：D:\bld_scip_progress_logs\i200v3t300_pid9872_scip_raw.log
[progress]后续解析结果（CSV/图片）仍输出到：D:\研一上\研究课题\bld\bld_new\v_by_v_warmstart_parallel\parallel_runs\outputs\i200v3t300_scip_progress
开始求解整体 MIP ...
1/1 feasible solution given by solution candidate storage, new primal bound 2.017047e+05

presolving:
   (0.0s) symmetry computation started: requiring (bin +, int +, cont +), (fixed: bin -, int -, cont -)
   (0.0s) symmetry computation finished: 3 generators found (max: 1500, log10 of symmetry group size: 1.08) (symcode time: 0.00)
dynamic symmetry handling statistics:
   orbitopal reduction:       no components
   orbital reduction:          1 components of sizes 3
   lexicographic reduction:    3 permutations with support sizes 120, 8040, 8040
handled 1 out of 1 symmetry components
presolving (0 rounds: 0 fast, 0 medium, 0 exhaustive):
 0 deleted vars, 0 deleted constraints, 0 added constraints, 0 tightened bounds, 0 added holes, 0 changed sides, 0 changed coefficients
 0 implications, 0 cliques
presolved problem has 12060 variables (12060 bin, 0 int, 0 impl, 0 cont) and 510 constraints
    510 constraints of type <linear>
Presolving Time: 1.00
transformed 1/1 original solutions to the transformed problem space

 time | node  | left  |LP iter|LP it/n|mem/heur|mdpt |vars |cons |rows |cuts |sepa|confs|strbr|  dualbound   | primalbound  |  gap   | compl. 
  1.0s|     1 |     0 |   620 |     - |   160M |   0 |  12k| 519 | 483 |   0 |  0 |  36 |   0 | 2.020020e+05 | 2.017047e+05 |   0.15%| unknown
  1.0s|     1 |     0 |   620 |     - |   161M |   0 |  12k| 519 | 376 |   0 |  0 |  36 |   0 | 2.020020e+05 | 2.017047e+05 |   0.15%| unknown
  1.0s|     1 |     0 |   658 |     - |   167M |   0 |  12k| 519 | 383 |   7 |  1 |  36 |   0 | 2.020020e+05 | 2.017047e+05 |   0.15%| unknown
  1.0s|     1 |     0 |   702 |     - |   168M |   0 |  12k| 519 | 392 |  16 |  2 |  36 |   0 | 2.020020e+05 | 2.017047e+05 |   0.15%| unknown
  1.0s|     1 |     0 |   859 |     - |   170M |   0 |  12k| 519 | 402 |  26 |  3 |  36 |   0 | 2.020018e+05 | 2.017047e+05 |   0.15%| unknown
  1.0s|     1 |     0 |   859 |     - |   170M |   0 |  12k| 519 | 402 |  26 |  3 |  36 |   0 | 2.020018e+05 | 2.017047e+05 |   0.15%| unknown
  1.0s|     1 |     0 |   983 |     - |   172M |   0 |  12k| 519 | 411 |  35 |  4 |  36 |   0 | 2.020016e+05 | 2.017047e+05 |   0.15%| unknown
  1.0s|     1 |     0 |  1035 |     - |   173M |   0 |  12k| 519 | 420 |  44 |  5 |  36 |   0 | 2.020016e+05 | 2.017047e+05 |   0.15%| unknown
  2.0s|     1 |     0 |  1081 |     - |   175M |   0 |  12k| 519 | 428 |  52 |  6 |  36 |   0 | 2.020015e+05 | 2.017047e+05 |   0.15%| unknown
  2.0s|     1 |     0 |  1150 |     - |   176M |   0 |  12k| 519 | 435 |  59 |  7 |  36 |   0 | 2.020015e+05 | 2.017047e+05 |   0.15%| unknown
  2.0s|     1 |     0 |  1198 |     - |   177M |   0 |  12k| 519 | 444 |  68 |  8 |  36 |   0 | 2.020014e+05 | 2.017047e+05 |   0.15%| unknown
  2.0s|     1 |     0 |  1251 |     - |   177M |   0 |  12k| 519 | 453 |  77 |  9 |  36 |   0 | 2.020014e+05 | 2.017047e+05 |   0.15%| unknown
  2.0s|     1 |     0 |  1309 |     - |   178M |   0 |  12k| 519 | 461 |  85 | 10 |  36 |   0 | 2.020014e+05 | 2.017047e+05 |   0.15%| unknown
  2.0s|     1 |     0 |  1386 |     - |   178M |   0 |  12k| 519 | 468 |  93 | 11 |  36 |   0 | 2.020013e+05 | 2.017047e+05 |   0.15%| unknown
  5.0s|     1 |     2 |  4667 |     - |   181M |   0 |  12k| 429 | 468 |  93 | 11 |  53 |  22 | 2.020011e+05 | 2.017047e+05 |   0.15%| unknown
 time | node  | left  |LP iter|LP it/n|mem/heur|mdpt |vars |cons |rows |cuts |sepa|confs|strbr|  dualbound   | primalbound  |  gap   | compl. 
 34.0s|   100 |    95 | 14574 | 133.2 |   202M |  27 |  12k| 428 | 419 | 171 |  1 |  53 |1643 | 2.019917e+05 | 2.017047e+05 |   0.14%|  20.29%
 41.0s|   200 |   195 | 20571 |  96.4 |   207M |  33 |  12k| 428 | 420 | 192 |  1 |  53 |1822 | 2.019917e+05 | 2.017047e+05 |   0.14%|  20.29%
 47.0s|   300 |   295 | 24504 |  77.3 |   210M |  37 |  12k| 441 | 420 | 201 |  1 |  67 |1944 | 2.019917e+05 | 2.017047e+05 |   0.14%|  20.29%
 51.0s|   400 |   395 | 27305 |  65.0 |   212M |  40 |  12k| 442 | 426 | 211 |  2 |  68 |2005 | 2.019917e+05 | 2.017047e+05 |   0.14%|  20.29%
 54.0s|   500 |   495 | 30162 |  57.7 |   216M |  45 |  12k| 449 | 420 | 213 |  1 |  76 |2047 | 2.019917e+05 | 2.017047e+05 |   0.14%|  20.29%
 58.0s|   600 |   595 | 32925 |  52.7 |   221M |  49 |  12k| 454 | 420 | 224 |  1 |  81 |2099 | 2.019917e+05 | 2.017047e+05 |   0.14%|  20.29%
 60.0s|   700 |   695 | 35504 |  48.8 |   226M |  53 |  12k| 455 | 420 | 235 |  1 |  82 |2115 | 2.019917e+05 | 2.017047e+05 |   0.14%|  20.29%
 65.0s|   800 |   793 | 41276 |  49.9 |   230M |  53 |  12k| 458 | 421 | 267 |  1 |  85 |2146 | 2.019917e+05 | 2.017047e+05 |   0.14%|  20.29%
 67.0s|   900 |   893 | 43267 |  46.6 |   232M |  53 |  12k| 460 | 420 | 277 |  1 |  89 |2157 | 2.019917e+05 | 2.017047e+05 |   0.14%|  20.29%
 70.0s|  1000 |   993 | 45648 |  44.3 |   232M |  58 |  12k| 464 | 420 | 290 |  1 |  93 |2184 | 2.019917e+05 | 2.017047e+05 |   0.14%|  20.29%
 73.0s|  1100 |  1093 | 47819 |  42.3 |   233M |  58 |  12k| 477 | 426 | 340 |  1 | 106 |2210 | 2.019917e+05 | 2.017047e+05 |   0.14%|  20.29%
 75.0s|  1200 |  1193 | 49834 |  40.4 |   234M |  61 |  12k| 482 | 421 | 355 |  1 | 112 |2214 | 2.019917e+05 | 2.017047e+05 |   0.14%|  20.29%
 78.0s|  1300 |  1293 | 51766 |  38.8 |   237M |  61 |  12k| 492 | 420 | 399 |  1 | 122 |2229 | 2.019917e+05 | 2.017047e+05 |   0.14%|  20.29%
 81.0s|  1400 |  1393 | 54696 |  38.1 |   239M |  61 |  12k| 493 | 419 | 430 |  1 | 125 |2243 | 2.019917e+05 | 2.017047e+05 |   0.14%|  20.29%
 83.0s|  1500 |  1493 | 56024 |  36.4 |   240M |  68 |  12k| 505 | 424 | 452 |  1 | 137 |2253 | 2.019917e+05 | 2.017047e+05 |   0.14%|  20.29%
 time | node  | left  |LP iter|LP it/n|mem/heur|mdpt |vars |cons |rows |cuts |sepa|confs|strbr|  dualbound   | primalbound  |  gap   | compl. 
 85.0s|  1600 |  1593 | 57552 |  35.1 |   242M |  71 |  12k| 505 | 422 | 464 |  1 | 137 |2264 | 2.019917e+05 | 2.017047e+05 |   0.14%|  20.29%
 87.0s|  1700 |  1691 | 59136 |  34.0 |   242M |  71 |  12k| 513 | 421 | 484 |  1 | 145 |2284 | 2.019917e+05 | 2.017047e+05 |   0.14%|  20.29%
 89.0s|  1800 |  1791 | 60840 |  33.0 |   243M |  71 |  12k| 515 | 424 | 505 |  1 | 147 |2292 | 2.019917e+05 | 2.017047e+05 |   0.14%|  20.29%
 91.0s|  1900 |  1885 | 62121 |  32.0 |   244M |  71 |  12k| 520 | 421 | 527 |  1 | 153 |2300 | 2.019917e+05 | 2.017047e+05 |   0.14%|  20.29%
 93.0s|  2000 |  1985 | 64124 |  31.4 |   246M |  71 |  12k| 520 | 423 | 551 |  1 | 154 |2304 | 2.019917e+05 | 2.017047e+05 |   0.14%|  20.29%
 95.0s|  2100 |  2083 | 65866 |  30.7 |   247M |  71 |  12k| 524 | 420 | 567 |  1 | 158 |2310 | 2.019917e+05 | 2.017047e+05 |   0.14%|  20.29%
 97.0s|  2200 |  2183 | 66855 |  29.8 |   247M |  71 |  12k| 525 | 426 | 594 |  1 | 159 |2314 | 2.019917e+05 | 2.017047e+05 |   0.14%|  20.29%
  100s|  2300 |  2283 | 68638 |  29.3 |   248M |  71 |  12k| 532 | 421 | 620 |  1 | 166 |2323 | 2.019917e+05 | 2.017047e+05 |   0.14%|  20.29%
  103s|  2400 |  2383 | 72418 |  29.6 |   250M |  71 |  12k| 532 | 421 | 645 |  1 | 166 |2326 | 2.019917e+05 | 2.017047e+05 |   0.14%|  20.29%
  105s|  2500 |  2479 | 74325 |  29.2 |   251M |  77 |  12k| 533 | 426 | 663 |  1 | 168 |2370 | 2.019917e+05 | 2.017047e+05 |   0.14%|  20.29%
  108s|  2600 |  2577 | 75727 |  28.6 |   252M |  77 |  12k| 543 | 425 | 701 |  1 | 179 |2391 | 2.019917e+05 | 2.017047e+05 |   0.14%|  20.29%
  109s|  2700 |  2677 | 76821 |  27.9 |   254M |  77 |  12k| 553 | 427 | 729 |  1 | 189 |2400 | 2.019917e+05 | 2.017047e+05 |   0.14%|  20.29%
  111s|  2800 |  2777 | 78653 |  27.6 |   255M |  77 |  12k| 553 | 421 | 758 |  1 | 189 |2404 | 2.019917e+05 | 2.017047e+05 |   0.14%|  20.29%
  113s|  2900 |  2875 | 79816 |  27.1 |   255M |  77 |  12k| 550 | 428 | 784 |  1 | 194 |2410 | 2.019917e+05 | 2.017047e+05 |   0.14%|  20.29%
  115s|  3000 |  2971 | 81485 |  26.7 |   256M |  77 |  12k| 555 | 421 | 797 |  1 | 199 |2410 | 2.019917e+05 | 2.017047e+05 |   0.14%|  20.29%
 time | node  | left  |LP iter|LP it/n|mem/heur|mdpt |vars |cons |rows |cuts |sepa|confs|strbr|  dualbound   | primalbound  |  gap   | compl. 
  116s|  3100 |  3071 | 82829 |  26.3 |   257M |  77 |  12k| 557 | 420 | 815 |  1 | 201 |2412 | 2.019917e+05 | 2.017047e+05 |   0.14%|  20.29%
  118s|  3200 |  3171 | 84388 |  25.9 |   258M |  77 |  12k| 559 | 419 | 831 |  1 | 203 |2427 | 2.019917e+05 | 2.017047e+05 |   0.14%|  20.29%
  120s|  3300 |  3271 | 85408 |  25.5 |   263M |  77 |  12k| 559 | 420 | 848 |  1 | 203 |2427 | 2.019917e+05 | 2.017047e+05 |   0.14%|  20.29%
  122s|  3400 |  3369 | 86874 |  25.2 |   266M |  77 |  12k| 579 | 424 | 865 |  1 | 223 |2448 | 2.019917e+05 | 2.017047e+05 |   0.14%|  20.29%
  124s|  3500 |  3469 | 88719 |  25.0 |   269M |  77 |  12k| 580 | 424 | 906 |  1 | 225 |2449 | 2.019917e+05 | 2.017047e+05 |   0.14%|  20.29%
  126s|  3600 |  3569 | 90567 |  24.8 |   274M |  77 |  12k| 632 | 424 | 941 |  1 | 279 |2452 | 2.019917e+05 | 2.017047e+05 |   0.14%|  20.29%
  128s|  3700 |  3669 | 91695 |  24.4 |   275M |  77 |  12k| 632 | 424 | 975 |  1 | 279 |2461 | 2.019917e+05 | 2.017047e+05 |   0.14%|  20.29%
  129s|  3800 |  3769 | 93336 |  24.2 |   281M |  77 |  12k| 636 | 426 |1004 |  1 | 284 |2463 | 2.019917e+05 | 2.017047e+05 |   0.14%|  20.29%
  131s|  3900 |  3869 | 94360 |  23.8 |   286M |  77 |  12k| 633 | 425 |1031 |  1 | 284 |2465 | 2.019917e+05 | 2.017047e+05 |   0.14%|  20.29%
  133s|  4000 |  3969 | 96836 |  23.9 |   287M |  77 |  12k| 636 | 426 |1051 |  1 | 288 |2472 | 2.019917e+05 | 2.017047e+05 |   0.14%|  20.29%
  135s|  4100 |  4065 | 98682 |  23.7 |   288M |  77 |  12k| 640 | 422 |1067 |  1 | 292 |2474 | 2.019917e+05 | 2.017047e+05 |   0.14%|  20.29%
  136s|  4200 |  4165 | 99683 |  23.4 |   289M |  77 |  12k| 638 | 423 |1082 |  1 | 293 |2480 | 2.019917e+05 | 2.017047e+05 |   0.14%|  20.29%
  139s|  4300 |  4263 |101335 |  23.2 |   290M |  77 |  12k| 652 | 425 |1114 |  1 | 311 |2488 | 2.019917e+05 | 2.017047e+05 |   0.14%|  20.29%
  140s|  4400 |  4363 |102227 |  22.9 |   291M |  77 |  12k| 653 | 422 |1127 |  1 | 313 |2506 | 2.019917e+05 | 2.017047e+05 |   0.14%|  20.29%
  142s|  4500 |  4461 |104208 |  22.9 |   299M |  77 |  12k| 659 | 426 |1160 |  2 | 321 |2507 | 2.019917e+05 | 2.017047e+05 |   0.14%|  20.29%
 time | node  | left  |LP iter|LP it/n|mem/heur|mdpt |vars |cons |rows |cuts |sepa|confs|strbr|  dualbound   | primalbound  |  gap   | compl. 
  145s|  4600 |  4561 |106045 |  22.8 |   300M |  77 |  12k| 659 | 423 |1173 |  1 | 321 |2511 | 2.019917e+05 | 2.017047e+05 |   0.14%|  20.29%
  147s|  4700 |  4659 |107480 |  22.6 |   302M |  77 |  12k| 675 | 422 |1189 |  1 | 337 |2512 | 2.019917e+05 | 2.017047e+05 |   0.14%|  20.29%
  149s|  4800 |  4759 |108502 |  22.3 |   304M |  77 |  12k| 675 | 424 |1220 |  1 | 337 |2520 | 2.019917e+05 | 2.017047e+05 |   0.14%|  20.29%
  151s|  4900 |  4859 |109919 |  22.2 |   304M |  77 |  12k| 681 | 421 |1252 |  1 | 343 |2531 | 2.019917e+05 | 2.017047e+05 |   0.14%|  20.29%
  152s|  5000 |  4955 |110951 |  21.9 |   305M |  77 |  12k| 683 | 423 |1263 |  1 | 345 |2533 | 2.019917e+05 | 2.017047e+05 |   0.14%|  20.29%
  154s|  5100 |  5055 |112546 |  21.8 |   306M |  77 |  12k| 682 | 421 |1270 |  1 | 346 |2548 | 2.019917e+05 | 2.017047e+05 |   0.14%|  20.29%
  156s|  5200 |  5153 |114546 |  21.8 |   308M |  77 |  12k| 683 | 424 |1288 |  1 | 347 |2560 | 2.019917e+05 | 2.017047e+05 |   0.14%|  20.29%
  157s|  5300 |  5251 |116354 |  21.7 |   309M |  77 |  12k| 687 | 420 |1304 |  1 | 351 |2573 | 2.019917e+05 | 2.017047e+05 |   0.14%|  20.29%
  159s|  5400 |  5349 |117698 |  21.5 |   309M |  77 |  12k| 685 | 424 |1325 |  1 | 351 |2582 | 2.019917e+05 | 2.017047e+05 |   0.14%|  20.29%
  161s|  5500 |  5447 |119010 |  21.4 |   314M |  77 |  12k| 698 | 420 |1338 |  1 | 365 |2585 | 2.019917e+05 | 2.017047e+05 |   0.14%|  20.29%
  162s|  5600 |  5547 |120267 |  21.2 |   315M |  77 |  12k| 699 | 422 |1362 |  1 | 366 |2593 | 2.019917e+05 | 2.017047e+05 |   0.14%|  20.29%
  164s|  5700 |  5647 |121405 |  21.1 |   315M |  77 |  12k| 700 | 421 |1379 |  1 | 367 |2599 | 2.019917e+05 | 2.017047e+05 |   0.14%|  20.29%
  166s|  5800 |  5739 |122960 |  21.0 |   317M |  77 |  12k| 705 | 424 |1399 |  1 | 372 |2601 | 2.019917e+05 | 2.017047e+05 |   0.14%|  20.29%
  167s|  5900 |  5839 |124720 |  20.9 |   318M |  77 |  12k| 708 | 421 |1437 |  2 | 375 |2609 | 2.019917e+05 | 2.017047e+05 |   0.14%|  20.29%
  169s|  6000 |  5939 |126518 |  20.9 |   323M |  77 |  12k| 735 | 424 |1446 |  1 | 403 |2623 | 2.019917e+05 | 2.017047e+05 |   0.14%|  20.29%
 time | node  | left  |LP iter|LP it/n|mem/heur|mdpt |vars |cons |rows |cuts |sepa|confs|strbr|  dualbound   | primalbound  |  gap   | compl. 
  171s|  6100 |  6039 |127454 |  20.7 |   325M |  77 |  12k| 733 | 421 |1465 |  1 | 405 |2627 | 2.019917e+05 | 2.017047e+05 |   0.14%|  20.29%
  173s|  6200 |  6139 |128743 |  20.5 |   331M |  77 |  12k| 729 | 422 |1485 |  1 | 407 |2627 | 2.019917e+05 | 2.017047e+05 |   0.14%|  20.29%
  175s|  6300 |  6239 |130609 |  20.5 |   336M |  77 |  12k| 722 | 421 |1500 |  1 | 411 |2632 | 2.019917e+05 | 2.017047e+05 |   0.14%|  20.29%
  176s|  6400 |  6339 |131704 |  20.4 |   339M |  77 |  12k| 720 | 424 |1522 |  1 | 411 |2632 | 2.019917e+05 | 2.017047e+05 |   0.14%|  20.29%
  178s|  6500 |  6439 |133119 |  20.3 |   341M |  77 |  12k| 732 | 421 |1538 |  1 | 430 |2649 | 2.019917e+05 | 2.017047e+05 |   0.14%|  20.29%
  180s|  6600 |  6539 |134430 |  20.2 |   347M |  77 |  12k| 732 | 423 |1559 |  1 | 431 |2652 | 2.019917e+05 | 2.017047e+05 |   0.14%|  20.29%
  182s|  6700 |  6639 |135992 |  20.1 |   348M |  77 |  12k| 746 | 423 |1588 |  1 | 447 |2654 | 2.019917e+05 | 2.017047e+05 |   0.14%|  20.29%
  184s|  6800 |  6739 |136884 |  19.9 |   349M |  77 |  12k| 749 | 421 |1595 |  1 | 452 |2663 | 2.019917e+05 | 2.017047e+05 |   0.14%|  20.29%
  186s|  6900 |  6839 |138282 |  19.8 |   350M |  77 |  12k| 758 | 428 |1625 |  1 | 462 |2668 | 2.019917e+05 | 2.017047e+05 |   0.14%|  20.29%
  187s|  7000 |  6937 |139636 |  19.8 |   351M |  77 |  12k| 755 | 421 |1634 |  1 | 464 |2670 | 2.019917e+05 | 2.017047e+05 |   0.14%|  20.29%
  189s|  7100 |  7031 |141442 |  19.7 |   352M |  77 |  12k| 752 | 424 |1670 |  1 | 464 |2678 | 2.019917e+05 | 2.017047e+05 |   0.14%|  20.29%
  191s|  7200 |  7131 |144017 |  19.8 |   353M |  77 |  12k| 751 | 422 |1689 |  1 | 464 |2693 | 2.019917e+05 | 2.017047e+05 |   0.14%|  20.29%
  193s|  7300 |  7231 |145754 |  19.8 |   354M |  77 |  12k| 751 | 421 |1700 |  1 | 466 |2698 | 2.019917e+05 | 2.017047e+05 |   0.14%|  20.29%
  195s|  7400 |  7331 |147007 |  19.7 |   358M |  77 |  12k| 757 | 425 |1729 |  1 | 475 |2704 | 2.019917e+05 | 2.017047e+05 |   0.14%|  20.29%
  196s|  7500 |  7431 |148057 |  19.6 |   360M |  77 |  12k| 754 | 422 |1761 |  1 | 477 |2711 | 2.019917e+05 | 2.017047e+05 |   0.14%|  20.29%
 time | node  | left  |LP iter|LP it/n|mem/heur|mdpt |vars |cons |rows |cuts |sepa|confs|strbr|  dualbound   | primalbound  |  gap   | compl. 
  198s|  7600 |  7531 |149174 |  19.4 |   362M |  77 |  12k| 757 | 426 |1781 |  1 | 481 |2713 | 2.019917e+05 | 2.017047e+05 |   0.14%|  20.29%
  199s|  7700 |  7631 |150454 |  19.4 |   363M |  77 |  12k| 757 | 422 |1794 |  1 | 482 |2715 | 2.019917e+05 | 2.017047e+05 |   0.14%|  20.29%
  201s|  7800 |  7731 |151335 |  19.2 |   363M |  77 |  12k| 758 | 424 |1808 |  1 | 484 |2717 | 2.019917e+05 | 2.017047e+05 |   0.14%|  20.29%
  202s|  7900 |  7831 |152543 |  19.1 |   363M |  77 |  12k| 757 | 421 |1838 |  1 | 490 |2721 | 2.019917e+05 | 2.017047e+05 |   0.14%|  20.29%
  203s|  8000 |  7931 |153456 |  19.0 |   366M |  77 |  12k| 757 | 428 |1879 |  1 | 492 |2721 | 2.019917e+05 | 2.017047e+05 |   0.14%|  20.29%
  205s|  8100 |  8031 |154495 |  18.9 |   368M |  77 |  12k| 763 | 422 |1904 |  1 | 505 |2724 | 2.019917e+05 | 2.017047e+05 |   0.14%|  20.29%
  207s|  8200 |  8131 |155959 |  18.9 |   370M |  77 |  12k| 774 | 427 |1944 |  1 | 520 |2724 | 2.019917e+05 | 2.017047e+05 |   0.14%|  20.29%
  208s|  8300 |  8231 |157329 |  18.8 |   372M |  77 |  12k| 774 | 422 |1969 |  1 | 524 |2724 | 2.019917e+05 | 2.017047e+05 |   0.14%|  20.29%
  210s|  8400 |  8331 |158620 |  18.7 |   374M |  77 |  12k| 773 | 421 |1999 |  1 | 524 |2725 | 2.019917e+05 | 2.017047e+05 |   0.14%|  20.29%
  211s|  8500 |  8431 |160030 |  18.7 |   375M |  77 |  12k| 784 | 421 |2031 |  1 | 541 |2726 | 2.019917e+05 | 2.017047e+05 |   0.14%|  20.29%
  213s|  8600 |  8531 |160953 |  18.6 |   375M |  77 |  12k| 786 | 425 |2051 |  1 | 547 |2730 | 2.019917e+05 | 2.017047e+05 |   0.14%|  20.29%
  214s|  8700 |  8629 |162162 |  18.5 |   378M |  77 |  12k| 800 | 422 |2066 |  1 | 569 |2730 | 2.019917e+05 | 2.017047e+05 |   0.14%|  20.29%
  216s|  8800 |  8729 |163066 |  18.4 |   378M |  77 |  12k| 806 | 425 |2080 |  1 | 578 |2731 | 2.019917e+05 | 2.017047e+05 |   0.14%|  20.29%
  217s|  8900 |  8829 |164296 |  18.3 |   378M |  77 |  12k| 806 | 423 |2098 |  1 | 581 |2738 | 2.019917e+05 | 2.017047e+05 |   0.14%|  20.29%
  219s|  9000 |  8923 |165195 |  18.2 |   380M |  77 |  12k| 810 | 425 |2112 |  1 | 586 |2739 | 2.019917e+05 | 2.017047e+05 |   0.14%|  20.29%
 time | node  | left  |LP iter|LP it/n|mem/heur|mdpt |vars |cons |rows |cuts |sepa|confs|strbr|  dualbound   | primalbound  |  gap   | compl. 
  220s|  9100 |  9021 |166740 |  18.2 |   382M |  77 |  12k| 805 | 420 |2142 |  1 | 586 |2754 | 2.019917e+05 | 2.017047e+05 |   0.14%|  20.29%
  222s|  9200 |  9121 |168119 |  18.1 |   383M |  77 |  12k| 803 | 427 |2178 |  1 | 587 |2759 | 2.019917e+05 | 2.017047e+05 |   0.14%|  20.29%
  224s|  9300 |  9221 |171222 |  18.3 |   387M |  77 |  12k| 798 | 425 |2190 |  1 | 590 |2765 | 2.019917e+05 | 2.017047e+05 |   0.14%|  20.29%
  226s|  9400 |  9321 |172649 |  18.2 |   389M |  77 |  12k| 798 | 423 |2214 |  1 | 595 |2767 | 2.019917e+05 | 2.017047e+05 |   0.14%|  20.29%
  227s|  9500 |  9421 |173786 |  18.1 |   390M |  77 |  12k| 801 | 421 |2236 |  1 | 603 |2779 | 2.019917e+05 | 2.017047e+05 |   0.14%|  20.29%
  229s|  9600 |  9521 |177644 |  18.4 |   391M |  77 |  12k| 798 | 426 |2253 |  1 | 603 |2786 | 2.019917e+05 | 2.017047e+05 |   0.14%|  20.29%
  231s|  9700 |  9619 |179168 |  18.3 |   392M |  77 |  12k| 798 | 423 |2264 |  1 | 603 |2786 | 2.019917e+05 | 2.017047e+05 |   0.14%|  20.29%
  232s|  9800 |  9717 |180016 |  18.2 |   392M |  77 |  12k| 799 | 421 |2277 |  1 | 606 |2789 | 2.019917e+05 | 2.017047e+05 |   0.14%|  20.29%
  233s|  9900 |  9817 |181341 |  18.2 |   393M |  77 |  12k| 800 | 425 |2300 |  2 | 610 |2793 | 2.019917e+05 | 2.017047e+05 |   0.14%|  20.29%
  235s| 10000 |  9917 |182301 |  18.1 |   394M |  77 |  12k| 803 | 427 |2316 |  1 | 615 |2798 | 2.019917e+05 | 2.017047e+05 |   0.14%|  20.29%
  236s| 10100 | 10015 |183885 |  18.1 |   397M |  77 |  12k| 803 | 425 |2334 |  1 | 618 |2805 | 2.019917e+05 | 2.017047e+05 |   0.14%|  20.29%
  238s| 10200 | 10113 |185185 |  18.0 |   401M |  77 |  12k| 806 | 424 |2344 |  1 | 623 |2808 | 2.019917e+05 | 2.017047e+05 |   0.14%|  20.29%
  239s| 10300 | 10213 |186525 |  18.0 |   404M |  77 |  12k| 806 | 420 |2349 |  1 | 623 |2816 | 2.019917e+05 | 2.017047e+05 |   0.14%|  20.29%
  241s| 10400 | 10313 |187514 |  17.9 |   404M |  77 |  12k| 809 | 421 |2355 |  1 | 629 |2825 | 2.019917e+05 | 2.017047e+05 |   0.14%|  20.29%
  243s| 10500 | 10413 |188740 |  17.8 |   412M |  77 |  12k| 811 | 431 |2389 |  1 | 632 |2833 | 2.019917e+05 | 2.017047e+05 |   0.14%|  20.29%
 time | node  | left  |LP iter|LP it/n|mem/heur|mdpt |vars |cons |rows |cuts |sepa|confs|strbr|  dualbound   | primalbound  |  gap   | compl. 
  244s| 10600 | 10513 |190195 |  17.8 |   414M |  82 |  12k| 818 | 425 |2400 |  1 | 640 |2858 | 2.019917e+05 | 2.017047e+05 |   0.14%|  20.29%
  246s| 10700 | 10613 |191256 |  17.7 |   415M |  82 |  12k| 820 | 425 |2410 |  1 | 642 |2866 | 2.019917e+05 | 2.017047e+05 |   0.14%|  20.29%
  248s| 10800 | 10713 |194813 |  17.9 |   416M |  82 |  12k| 821 | 422 |2419 |  1 | 645 |2873 | 2.019917e+05 | 2.017047e+05 |   0.14%|  20.29%
  251s| 10900 | 10811 |197190 |  18.0 |   420M |  82 |  12k| 822 | 420 |2440 |  1 | 648 |2880 | 2.019917e+05 | 2.017047e+05 |   0.14%|  20.29%
  252s| 11000 | 10911 |199493 |  18.0 |   421M |  82 |  12k| 820 | 422 |2458 |  1 | 649 |2884 | 2.019917e+05 | 2.017047e+05 |   0.14%|  20.29%
  254s| 11100 | 11005 |201185 |  18.0 |   424M |  82 |  12k| 823 | 421 |2476 |  1 | 653 |2893 | 2.019917e+05 | 2.017047e+05 |   0.14%|  20.29%
  256s| 11200 | 11101 |202848 |  18.0 |   425M |  82 |  12k| 828 | 424 |2492 |  1 | 661 |2893 | 2.019917e+05 | 2.017047e+05 |   0.14%|  20.29%
  258s| 11300 | 11199 |204608 |  18.0 |   426M |  82 |  12k| 830 | 423 |2499 |  1 | 663 |2903 | 2.019917e+05 | 2.017047e+05 |   0.14%|  20.29%
  259s| 11400 | 11299 |206363 |  18.0 |   428M |  82 |  12k| 851 | 420 |2513 |  1 | 686 |2908 | 2.019917e+05 | 2.017047e+05 |   0.14%|  20.29%
  262s| 11500 | 11399 |208310 |  18.0 |   430M |  82 |  12k| 855 | 423 |2529 |  1 | 693 |2911 | 2.019917e+05 | 2.017047e+05 |   0.14%|  20.29%
  264s| 11600 | 11499 |209428 |  17.9 |   430M |  82 |  12k| 859 | 425 |2543 |  1 | 699 |2929 | 2.019917e+05 | 2.017047e+05 |   0.14%|  20.29%
  265s| 11700 | 11599 |210721 |  17.9 |   431M |  82 |  12k| 861 | 427 |2561 |  1 | 702 |2938 | 2.019917e+05 | 2.017047e+05 |   0.14%|  20.29%
  267s| 11800 | 11693 |211842 |  17.8 |   435M |  82 |  12k| 865 | 420 |2581 |  1 | 708 |2943 | 2.019917e+05 | 2.017047e+05 |   0.14%|  20.29%
  269s| 11900 | 11793 |213300 |  17.8 |   439M |  82 |  12k| 869 | 426 |2603 |  1 | 713 |2962 | 2.019917e+05 | 2.017047e+05 |   0.14%|  20.29%
  271s| 12000 | 11893 |214769 |  17.8 |   440M |  82 |  12k| 867 | 422 |2627 |  1 | 715 |2969 | 2.019917e+05 | 2.017047e+05 |   0.14%|  20.29%
 time | node  | left  |LP iter|LP it/n|mem/heur|mdpt |vars |cons |rows |cuts |sepa|confs|strbr|  dualbound   | primalbound  |  gap   | compl. 
  272s| 12100 | 11987 |215732 |  17.7 |   446M |  84 |  12k| 879 | 424 |2634 |  1 | 728 |2979 | 2.019917e+05 | 2.017047e+05 |   0.14%|  20.29%
  275s| 12200 | 12087 |218135 |  17.8 |   458M |  84 |  12k| 887 | 421 |2656 |  1 | 739 |2979 | 2.019917e+05 | 2.017047e+05 |   0.14%|  20.29%
  276s| 12300 | 12187 |219641 |  17.7 |   460M |  84 |  12k| 889 | 422 |2669 |  1 | 745 |2982 | 2.019917e+05 | 2.017047e+05 |   0.14%|  20.29%
  278s| 12400 | 12287 |222479 |  17.8 |   461M |  84 |  12k| 895 | 420 |2680 |  1 | 754 |2986 | 2.019917e+05 | 2.017047e+05 |   0.14%|  20.29%
  280s| 12500 | 12387 |224282 |  17.8 |   462M |  84 |  12k| 895 | 423 |2702 |  1 | 755 |2986 | 2.019917e+05 | 2.017047e+05 |   0.14%|  20.29%
  281s| 12600 | 12479 |225725 |  17.8 |   463M |  84 |  12k| 901 | 428 |2714 |  1 | 762 |2987 | 2.019917e+05 | 2.017047e+05 |   0.14%|  20.29%
  283s| 12700 | 12579 |226557 |  17.7 |   465M |  84 |  12k| 901 | 424 |2721 |  1 | 764 |2997 | 2.019917e+05 | 2.017047e+05 |   0.14%|  20.29%
  284s| 12800 | 12677 |227858 |  17.7 |   465M |  84 |  12k| 907 | 420 |2731 |  1 | 773 |3001 | 2.019917e+05 | 2.017047e+05 |   0.14%|  20.29%
  286s| 12900 | 12777 |229473 |  17.7 |   465M |  84 |  12k| 916 | 425 |2744 |  1 | 783 |3005 | 2.019917e+05 | 2.017047e+05 |   0.14%|  20.29%
  287s| 13000 | 12877 |230366 |  17.6 |   468M |  84 |  12k| 914 | 426 |2760 |  1 | 783 |3005 | 2.019917e+05 | 2.017047e+05 |   0.14%|  20.29%
  289s| 13100 | 12977 |233223 |  17.7 |   469M |  84 |  12k| 912 | 420 |2778 |  1 | 787 |3019 | 2.019917e+05 | 2.017047e+05 |   0.14%|  20.29%
  291s| 13200 | 13075 |235809 |  17.8 |   471M |  84 |  12k| 914 | 422 |2791 |  1 | 791 |3021 | 2.019917e+05 | 2.017047e+05 |   0.14%|  20.29%
  292s| 13300 | 13175 |236924 |  17.7 |   476M |  84 |  12k| 913 | 425 |2812 |  1 | 794 |3021 | 2.019917e+05 | 2.017047e+05 |   0.14%|  20.29%
  294s| 13400 | 13275 |238399 |  17.7 |   477M |  84 |  12k| 922 | 420 |2826 |  1 | 806 |3022 | 2.019917e+05 | 2.017047e+05 |   0.14%|  20.29%
  295s| 13500 | 13375 |239513 |  17.6 |   481M |  84 |  12k| 921 | 426 |2844 |  1 | 806 |3026 | 2.019917e+05 | 2.017047e+05 |   0.14%|  20.29%
 time | node  | left  |LP iter|LP it/n|mem/heur|mdpt |vars |cons |rows |cuts |sepa|confs|strbr|  dualbound   | primalbound  |  gap   | compl. 
  297s| 13600 | 13471 |240926 |  17.6 |   482M |  84 |  12k| 938 | 424 |2854 |  1 | 826 |3030 | 2.019917e+05 | 2.017047e+05 |   0.14%|  20.29%
  298s| 13700 | 13571 |242245 |  17.6 |   485M |  84 |  12k| 944 | 420 |2856 |  1 | 840 |3033 | 2.019917e+05 | 2.017047e+05 |   0.14%|  20.29%
  299s| 13800 | 13671 |243435 |  17.5 |   486M |  84 |  12k| 943 | 420 |2876 |  1 | 843 |3037 | 2.019917e+05 | 2.017047e+05 |   0.14%|  20.29%

SCIP Status        : solving was interrupted [time limit reached]
Solving Time (sec) : 300.00
Solving Nodes      : 13835
Primal Bound       : +2.01704653053172e+05 (436 solutions)
Dual Bound         : +2.01991684431076e+05
Gap                : 0.14 %
[progress]已将整车整体 MIP 原生日志复制回输出目录：D:\研一上\研究课题\bld\bld_new\v_by_v_warmstart_parallel\parallel_runs\outputs\i200v3t300_scip_progress\scip_raw.log

=== 整车整体 MIP 过程指标时间序列 ===
[progress] t=1.000s, gap=0.150000%, objective=201704.700000, delta_gap=0.000000%, delta_objective=0.000000
[progress] t=1.000s, gap=0.150000%, objective=201704.700000, delta_gap=0.000000%, delta_objective=0.000000
[progress] t=1.000s, gap=0.150000%, objective=201704.700000, delta_gap=0.000000%, delta_objective=0.000000
[progress] t=1.000s, gap=0.150000%, objective=201704.700000, delta_gap=0.000000%, delta_objective=0.000000
[progress] t=1.000s, gap=0.150000%, objective=201704.700000, delta_gap=0.000000%, delta_objective=0.000000
[progress] t=1.000s, gap=0.150000%, objective=201704.700000, delta_gap=0.000000%, delta_objective=0.000000
[progress] t=1.000s, gap=0.150000%, objective=201704.700000, delta_gap=0.000000%, delta_objective=0.000000
[progress] t=1.000s, gap=0.150000%, objective=201704.700000, delta_gap=0.000000%, delta_objective=0.000000
[progress] t=2.000s, gap=0.150000%, objective=201704.700000, delta_gap=0.000000%, delta_objective=0.000000
[progress] t=2.000s, gap=0.150000%, objective=201704.700000, delta_gap=0.000000%, delta_objective=0.000000
[progress] t=2.000s, gap=0.150000%, objective=201704.700000, delta_gap=0.000000%, delta_objective=0.000000
[progress] t=2.000s, gap=0.150000%, objective=201704.700000, delta_gap=0.000000%, delta_objective=0.000000
[progress] t=2.000s, gap=0.150000%, objective=201704.700000, delta_gap=0.000000%, delta_objective=0.000000
[progress] t=2.000s, gap=0.150000%, objective=201704.700000, delta_gap=0.000000%, delta_objective=0.000000
[progress] t=5.000s, gap=0.150000%, objective=201704.700000, delta_gap=0.000000%, delta_objective=0.000000
[progress] t=34.000s, gap=0.140000%, objective=201704.700000, delta_gap=-0.010000%, delta_objective=0.000000
[progress] t=41.000s, gap=0.140000%, objective=201704.700000, delta_gap=0.000000%, delta_objective=0.000000
[progress] t=47.000s, gap=0.140000%, objective=201704.700000, delta_gap=0.000000%, delta_objective=0.000000
[progress] t=51.000s, gap=0.140000%, objective=201704.700000, delta_gap=0.000000%, delta_objective=0.000000
[progress] t=54.000s, gap=0.140000%, objective=201704.700000, delta_gap=0.000000%, delta_objective=0.000000
[progress] t=58.000s, gap=0.140000%, objective=201704.700000, delta_gap=0.000000%, delta_objective=0.000000
[progress] t=60.000s, gap=0.140000%, objective=201704.700000, delta_gap=0.000000%, delta_objective=0.000000
[progress] t=65.000s, gap=0.140000%, objective=201704.700000, delta_gap=0.000000%, delta_objective=0.000000
[progress] t=67.000s, gap=0.140000%, objective=201704.700000, delta_gap=0.000000%, delta_objective=0.000000
[progress] t=70.000s, gap=0.140000%, objective=201704.700000, delta_gap=0.000000%, delta_objective=0.000000
[progress] t=73.000s, gap=0.140000%, objective=201704.700000, delta_gap=0.000000%, delta_objective=0.000000
[progress] t=75.000s, gap=0.140000%, objective=201704.700000, delta_gap=0.000000%, delta_objective=0.000000
[progress] t=78.000s, gap=0.140000%, objective=201704.700000, delta_gap=0.000000%, delta_objective=0.000000
[progress] t=81.000s, gap=0.140000%, objective=201704.700000, delta_gap=0.000000%, delta_objective=0.000000
[progress] t=83.000s, gap=0.140000%, objective=201704.700000, delta_gap=0.000000%, delta_objective=0.000000
[progress] t=85.000s, gap=0.140000%, objective=201704.700000, delta_gap=0.000000%, delta_objective=0.000000
[progress] t=87.000s, gap=0.140000%, objective=201704.700000, delta_gap=0.000000%, delta_objective=0.000000
[progress] t=89.000s, gap=0.140000%, objective=201704.700000, delta_gap=0.000000%, delta_objective=0.000000
[progress] t=91.000s, gap=0.140000%, objective=201704.700000, delta_gap=0.000000%, delta_objective=0.000000
[progress] t=93.000s, gap=0.140000%, objective=201704.700000, delta_gap=0.000000%, delta_objective=0.000000
[progress] t=95.000s, gap=0.140000%, objective=201704.700000, delta_gap=0.000000%, delta_objective=0.000000
[progress] t=97.000s, gap=0.140000%, objective=201704.700000, delta_gap=0.000000%, delta_objective=0.000000
[progress] t=100.000s, gap=0.140000%, objective=201704.700000, delta_gap=0.000000%, delta_objective=0.000000
[progress] t=103.000s, gap=0.140000%, objective=201704.700000, delta_gap=0.000000%, delta_objective=0.000000
[progress] t=105.000s, gap=0.140000%, objective=201704.700000, delta_gap=0.000000%, delta_objective=0.000000
[progress] t=108.000s, gap=0.140000%, objective=201704.700000, delta_gap=0.000000%, delta_objective=0.000000
[progress] t=109.000s, gap=0.140000%, objective=201704.700000, delta_gap=0.000000%, delta_objective=0.000000
[progress] t=111.000s, gap=0.140000%, objective=201704.700000, delta_gap=0.000000%, delta_objective=0.000000
[progress] t=113.000s, gap=0.140000%, objective=201704.700000, delta_gap=0.000000%, delta_objective=0.000000
[progress] t=115.000s, gap=0.140000%, objective=201704.700000, delta_gap=0.000000%, delta_objective=0.000000
[progress] t=116.000s, gap=0.140000%, objective=201704.700000, delta_gap=0.000000%, delta_objective=0.000000
[progress] t=118.000s, gap=0.140000%, objective=201704.700000, delta_gap=0.000000%, delta_objective=0.000000
[progress] t=120.000s, gap=0.140000%, objective=201704.700000, delta_gap=0.000000%, delta_objective=0.000000
[progress] t=122.000s, gap=0.140000%, objective=201704.700000, delta_gap=0.000000%, delta_objective=0.000000
[progress] t=124.000s, gap=0.140000%, objective=201704.700000, delta_gap=0.000000%, delta_objective=0.000000
[progress] t=126.000s, gap=0.140000%, objective=201704.700000, delta_gap=0.000000%, delta_objective=0.000000
[progress] t=128.000s, gap=0.140000%, objective=201704.700000, delta_gap=0.000000%, delta_objective=0.000000
[progress] t=129.000s, gap=0.140000%, objective=201704.700000, delta_gap=0.000000%, delta_objective=0.000000
[progress] t=131.000s, gap=0.140000%, objective=201704.700000, delta_gap=0.000000%, delta_objective=0.000000
[progress] t=133.000s, gap=0.140000%, objective=201704.700000, delta_gap=0.000000%, delta_objective=0.000000
[progress] t=135.000s, gap=0.140000%, objective=201704.700000, delta_gap=0.000000%, delta_objective=0.000000
[progress] t=136.000s, gap=0.140000%, objective=201704.700000, delta_gap=0.000000%, delta_objective=0.000000
[progress] t=139.000s, gap=0.140000%, objective=201704.700000, delta_gap=0.000000%, delta_objective=0.000000
[progress] t=140.000s, gap=0.140000%, objective=201704.700000, delta_gap=0.000000%, delta_objective=0.000000
[progress] t=142.000s, gap=0.140000%, objective=201704.700000, delta_gap=0.000000%, delta_objective=0.000000
[progress] t=145.000s, gap=0.140000%, objective=201704.700000, delta_gap=0.000000%, delta_objective=0.000000
[progress] t=147.000s, gap=0.140000%, objective=201704.700000, delta_gap=0.000000%, delta_objective=0.000000
[progress] t=149.000s, gap=0.140000%, objective=201704.700000, delta_gap=0.000000%, delta_objective=0.000000
[progress] t=151.000s, gap=0.140000%, objective=201704.700000, delta_gap=0.000000%, delta_objective=0.000000
[progress] t=152.000s, gap=0.140000%, objective=201704.700000, delta_gap=0.000000%, delta_objective=0.000000
[progress] t=154.000s, gap=0.140000%, objective=201704.700000, delta_gap=0.000000%, delta_objective=0.000000
[progress] t=156.000s, gap=0.140000%, objective=201704.700000, delta_gap=0.000000%, delta_objective=0.000000
[progress] t=157.000s, gap=0.140000%, objective=201704.700000, delta_gap=0.000000%, delta_objective=0.000000
[progress] t=159.000s, gap=0.140000%, objective=201704.700000, delta_gap=0.000000%, delta_objective=0.000000
[progress] t=161.000s, gap=0.140000%, objective=201704.700000, delta_gap=0.000000%, delta_objective=0.000000
[progress] t=162.000s, gap=0.140000%, objective=201704.700000, delta_gap=0.000000%, delta_objective=0.000000
[progress] t=164.000s, gap=0.140000%, objective=201704.700000, delta_gap=0.000000%, delta_objective=0.000000
[progress] t=166.000s, gap=0.140000%, objective=201704.700000, delta_gap=0.000000%, delta_objective=0.000000
[progress] t=167.000s, gap=0.140000%, objective=201704.700000, delta_gap=0.000000%, delta_objective=0.000000
[progress] t=169.000s, gap=0.140000%, objective=201704.700000, delta_gap=0.000000%, delta_objective=0.000000
[progress] t=171.000s, gap=0.140000%, objective=201704.700000, delta_gap=0.000000%, delta_objective=0.000000
[progress] t=173.000s, gap=0.140000%, objective=201704.700000, delta_gap=0.000000%, delta_objective=0.000000
[progress] t=175.000s, gap=0.140000%, objective=201704.700000, delta_gap=0.000000%, delta_objective=0.000000
[progress] t=176.000s, gap=0.140000%, objective=201704.700000, delta_gap=0.000000%, delta_objective=0.000000
[progress] t=178.000s, gap=0.140000%, objective=201704.700000, delta_gap=0.000000%, delta_objective=0.000000
[progress] t=180.000s, gap=0.140000%, objective=201704.700000, delta_gap=0.000000%, delta_objective=0.000000
[progress] t=182.000s, gap=0.140000%, objective=201704.700000, delta_gap=0.000000%, delta_objective=0.000000
[progress] t=184.000s, gap=0.140000%, objective=201704.700000, delta_gap=0.000000%, delta_objective=0.000000
[progress] t=186.000s, gap=0.140000%, objective=201704.700000, delta_gap=0.000000%, delta_objective=0.000000
[progress] t=187.000s, gap=0.140000%, objective=201704.700000, delta_gap=0.000000%, delta_objective=0.000000
[progress] t=189.000s, gap=0.140000%, objective=201704.700000, delta_gap=0.000000%, delta_objective=0.000000
[progress] t=191.000s, gap=0.140000%, objective=201704.700000, delta_gap=0.000000%, delta_objective=0.000000
[progress] t=193.000s, gap=0.140000%, objective=201704.700000, delta_gap=0.000000%, delta_objective=0.000000
[progress] t=195.000s, gap=0.140000%, objective=201704.700000, delta_gap=0.000000%, delta_objective=0.000000
[progress] t=196.000s, gap=0.140000%, objective=201704.700000, delta_gap=0.000000%, delta_objective=0.000000
[progress] t=198.000s, gap=0.140000%, objective=201704.700000, delta_gap=0.000000%, delta_objective=0.000000
[progress] t=199.000s, gap=0.140000%, objective=201704.700000, delta_gap=0.000000%, delta_objective=0.000000
[progress] t=201.000s, gap=0.140000%, objective=201704.700000, delta_gap=0.000000%, delta_objective=0.000000
[progress] t=202.000s, gap=0.140000%, objective=201704.700000, delta_gap=0.000000%, delta_objective=0.000000
[progress] t=203.000s, gap=0.140000%, objective=201704.700000, delta_gap=0.000000%, delta_objective=0.000000
[progress] t=205.000s, gap=0.140000%, objective=201704.700000, delta_gap=0.000000%, delta_objective=0.000000
[progress] t=207.000s, gap=0.140000%, objective=201704.700000, delta_gap=0.000000%, delta_objective=0.000000
[progress] t=208.000s, gap=0.140000%, objective=201704.700000, delta_gap=0.000000%, delta_objective=0.000000
[progress] t=210.000s, gap=0.140000%, objective=201704.700000, delta_gap=0.000000%, delta_objective=0.000000
[progress] t=211.000s, gap=0.140000%, objective=201704.700000, delta_gap=0.000000%, delta_objective=0.000000
[progress] t=213.000s, gap=0.140000%, objective=201704.700000, delta_gap=0.000000%, delta_objective=0.000000
[progress] t=214.000s, gap=0.140000%, objective=201704.700000, delta_gap=0.000000%, delta_objective=0.000000
[progress] t=216.000s, gap=0.140000%, objective=201704.700000, delta_gap=0.000000%, delta_objective=0.000000
[progress] t=217.000s, gap=0.140000%, objective=201704.700000, delta_gap=0.000000%, delta_objective=0.000000
[progress] t=219.000s, gap=0.140000%, objective=201704.700000, delta_gap=0.000000%, delta_objective=0.000000
[progress] t=220.000s, gap=0.140000%, objective=201704.700000, delta_gap=0.000000%, delta_objective=0.000000
[progress] t=222.000s, gap=0.140000%, objective=201704.700000, delta_gap=0.000000%, delta_objective=0.000000
[progress] t=224.000s, gap=0.140000%, objective=201704.700000, delta_gap=0.000000%, delta_objective=0.000000
[progress] t=226.000s, gap=0.140000%, objective=201704.700000, delta_gap=0.000000%, delta_objective=0.000000
[progress] t=227.000s, gap=0.140000%, objective=201704.700000, delta_gap=0.000000%, delta_objective=0.000000
[progress] t=229.000s, gap=0.140000%, objective=201704.700000, delta_gap=0.000000%, delta_objective=0.000000
[progress] t=231.000s, gap=0.140000%, objective=201704.700000, delta_gap=0.000000%, delta_objective=0.000000
[progress] t=232.000s, gap=0.140000%, objective=201704.700000, delta_gap=0.000000%, delta_objective=0.000000
[progress] t=233.000s, gap=0.140000%, objective=201704.700000, delta_gap=0.000000%, delta_objective=0.000000
[progress] t=235.000s, gap=0.140000%, objective=201704.700000, delta_gap=0.000000%, delta_objective=0.000000
[progress] t=236.000s, gap=0.140000%, objective=201704.700000, delta_gap=0.000000%, delta_objective=0.000000
[progress] t=238.000s, gap=0.140000%, objective=201704.700000, delta_gap=0.000000%, delta_objective=0.000000
[progress] t=239.000s, gap=0.140000%, objective=201704.700000, delta_gap=0.000000%, delta_objective=0.000000
[progress] t=241.000s, gap=0.140000%, objective=201704.700000, delta_gap=0.000000%, delta_objective=0.000000
[progress] t=243.000s, gap=0.140000%, objective=201704.700000, delta_gap=0.000000%, delta_objective=0.000000
[progress] t=244.000s, gap=0.140000%, objective=201704.700000, delta_gap=0.000000%, delta_objective=0.000000
[progress] t=246.000s, gap=0.140000%, objective=201704.700000, delta_gap=0.000000%, delta_objective=0.000000
[progress] t=248.000s, gap=0.140000%, objective=201704.700000, delta_gap=0.000000%, delta_objective=0.000000
[progress] t=251.000s, gap=0.140000%, objective=201704.700000, delta_gap=0.000000%, delta_objective=0.000000
[progress] t=252.000s, gap=0.140000%, objective=201704.700000, delta_gap=0.000000%, delta_objective=0.000000
[progress] t=254.000s, gap=0.140000%, objective=201704.700000, delta_gap=0.000000%, delta_objective=0.000000
[progress] t=256.000s, gap=0.140000%, objective=201704.700000, delta_gap=0.000000%, delta_objective=0.000000
[progress] t=258.000s, gap=0.140000%, objective=201704.700000, delta_gap=0.000000%, delta_objective=0.000000
[progress] t=259.000s, gap=0.140000%, objective=201704.700000, delta_gap=0.000000%, delta_objective=0.000000
[progress] t=262.000s, gap=0.140000%, objective=201704.700000, delta_gap=0.000000%, delta_objective=0.000000
[progress] t=264.000s, gap=0.140000%, objective=201704.700000, delta_gap=0.000000%, delta_objective=0.000000
[progress] t=265.000s, gap=0.140000%, objective=201704.700000, delta_gap=0.000000%, delta_objective=0.000000
[progress] t=267.000s, gap=0.140000%, objective=201704.700000, delta_gap=0.000000%, delta_objective=0.000000
[progress] t=269.000s, gap=0.140000%, objective=201704.700000, delta_gap=0.000000%, delta_objective=0.000000
[progress] t=271.000s, gap=0.140000%, objective=201704.700000, delta_gap=0.000000%, delta_objective=0.000000
[progress] t=272.000s, gap=0.140000%, objective=201704.700000, delta_gap=0.000000%, delta_objective=0.000000
[progress] t=275.000s, gap=0.140000%, objective=201704.700000, delta_gap=0.000000%, delta_objective=0.000000
[progress] t=276.000s, gap=0.140000%, objective=201704.700000, delta_gap=0.000000%, delta_objective=0.000000
[progress] t=278.000s, gap=0.140000%, objective=201704.700000, delta_gap=0.000000%, delta_objective=0.000000
[progress] t=280.000s, gap=0.140000%, objective=201704.700000, delta_gap=0.000000%, delta_objective=0.000000
[progress] t=281.000s, gap=0.140000%, objective=201704.700000, delta_gap=0.000000%, delta_objective=0.000000
[progress] t=283.000s, gap=0.140000%, objective=201704.700000, delta_gap=0.000000%, delta_objective=0.000000
[progress] t=284.000s, gap=0.140000%, objective=201704.700000, delta_gap=0.000000%, delta_objective=0.000000
[progress] t=286.000s, gap=0.140000%, objective=201704.700000, delta_gap=0.000000%, delta_objective=0.000000
[progress] t=287.000s, gap=0.140000%, objective=201704.700000, delta_gap=0.000000%, delta_objective=0.000000
[progress] t=289.000s, gap=0.140000%, objective=201704.700000, delta_gap=0.000000%, delta_objective=0.000000
[progress] t=291.000s, gap=0.140000%, objective=201704.700000, delta_gap=0.000000%, delta_objective=0.000000
[progress] t=292.000s, gap=0.140000%, objective=201704.700000, delta_gap=0.000000%, delta_objective=0.000000
[progress] t=294.000s, gap=0.140000%, objective=201704.700000, delta_gap=0.000000%, delta_objective=0.000000
[progress] t=295.000s, gap=0.140000%, objective=201704.700000, delta_gap=0.000000%, delta_objective=0.000000
[progress] t=297.000s, gap=0.140000%, objective=201704.700000, delta_gap=0.000000%, delta_objective=0.000000
[progress] t=298.000s, gap=0.140000%, objective=201704.700000, delta_gap=0.000000%, delta_objective=0.000000
[progress] t=299.000s, gap=0.140000%, objective=201704.700000, delta_gap=0.000000%, delta_objective=0.000000
[progress]过程数据与图片输出目录：D:\研一上\研究课题\bld\bld_new\v_by_v_warmstart_parallel\parallel_runs\outputs\i200v3t300_scip_progress
[progress]整车整体 MIP 原生日志：D:\研一上\研究课题\bld\bld_new\v_by_v_warmstart_parallel\parallel_runs\outputs\i200v3t300_scip_progress\scip_raw.log
[progress]过程数据 CSV：D:\研一上\研究课题\bld\bld_new\v_by_v_warmstart_parallel\parallel_runs\outputs\i200v3t300_scip_progress\scip_progress_data.csv
[progress]图1 Gap 全程曲线（分钟制）：D:\研一上\研究课题\bld\bld_new\v_by_v_warmstart_parallel\parallel_runs\outputs\i200v3t300_scip_progress\gap_vs_time.png
[progress]图2 目标值全程曲线（分钟制）：D:\研一上\研究课题\bld\bld_new\v_by_v_warmstart_parallel\parallel_runs\outputs\i200v3t300_scip_progress\objective_vs_time.png
[progress]图3 Delta Gap 散点图（首次可行解后）：D:\研一上\研究课题\bld\bld_new\v_by_v_warmstart_parallel\parallel_runs\outputs\i200v3t300_scip_progress\delta_gap_vs_time.png
[progress]图4 Delta 目标值散点图（首次可行解后）：D:\研一上\研究课题\bld\bld_new\v_by_v_warmstart_parallel\parallel_runs\outputs\i200v3t300_scip_progress\delta_objective_vs_time.png
[progress]图5 Gap 聚焦曲线（首次可行解后）：D:\研一上\研究课题\bld\bld_new\v_by_v_warmstart_parallel\parallel_runs\outputs\i200v3t300_scip_progress\gap_vs_time_post_feasible.png
[progress]图6 目标值聚焦曲线（首次可行解后）：D:\研一上\研究课题\bld\bld_new\v_by_v_warmstart_parallel\parallel_runs\outputs\i200v3t300_scip_progress\objective_vs_time_post_feasible.png
[progress]图7 Delta Gap 聚焦散点图：D:\研一上\研究课题\bld\bld_new\v_by_v_warmstart_parallel\parallel_runs\outputs\i200v3t300_scip_progress\delta_gap_vs_time_post_feasible.png
[progress]图8 Delta 目标值聚焦散点图：D:\研一上\研究课题\bld\bld_new\v_by_v_warmstart_parallel\parallel_runs\outputs\i200v3t300_scip_progress\delta_objective_vs_time_post_feasible.png
[SCIP] Solver status: timelimit
[debug] n_sols = 100
[debug] best_sol_is_none = False
[debug] warmstart_loaded = True
[debug] main_runtime_sec = 299.154
[debug] total_runtime_sec = 319.686
[SCIP] Best objective (bestSol): 201704.6530531717
[SCIP] Final relative gap: 0.0014230280440191989

=== 求解结果摘要 ===
[result]运行时间：319.686 s
[result]求解状态：timelimit
[result]目标值：201704.653053
[result]使用批次数量：5
[result]使用批次钼品位区间：0.45–0.5; 0.5–0.55
[result]使用批次铜品位区间：0–0.005; 0.005–0.01; 0.01–0.015
[result]使用车次数量：3
[result]使用SKU数量：77
[result]结果文件：D:\研一上\研究课题\bld\bld_new\v_by_v_warmstart_parallel\parallel_runs\outputs\i200v3t300.xlsx
[success]求解完成! 结果已保存到 D:\研一上\研究课题\bld\bld_new\v_by_v_warmstart_parallel\parallel_runs\outputs\i200v3t300.xlsx
