1/1 feasible solution given by solution candidate storage, new primal bound 2.040379e+05

presolving:
   (0.0s) symmetry computation started: requiring (bin +, int +, cont +), (fixed: bin -, int -, cont -)
   (0.0s) symmetry computation finished: 5 generators found (max: 1500, log10 of symmetry group size: 1.68) (symcode time: 0.00)
dynamic symmetry handling statistics:
   orbitopal reduction:       no components
   orbital reduction:          1 components of sizes 5
   lexicographic reduction:    5 permutations with support sizes 120, 120, 120, 12040, 12040
handled 1 out of 1 symmetry components
presolving (0 rounds: 0 fast, 0 medium, 0 exhaustive):
 0 deleted vars, 0 deleted constraints, 0 added constraints, 0 tightened bounds, 0 added holes, 0 changed sides, 0 changed coefficients
 0 implications, 0 cliques
presolved problem has 18060 variables (18060 bin, 0 int, 0 impl, 0 cont) and 610 constraints
    610 constraints of type <linear>
Presolving Time: 0.00
transformed 1/1 original solutions to the transformed problem space

 time | node  | left  |LP iter|LP it/n|mem/heur|mdpt |vars |cons |rows |cuts |sepa|confs|strbr|  dualbound   | primalbound  |  gap   | compl. 
  2.0s|     1 |     0 |   634 |     - |   241M |   0 |  18k| 728 | 583 |   0 |  0 | 145 |   0 | 2.044390e+05 | 2.040379e+05 |   0.20%| unknown
  2.0s|     1 |     0 |   634 |     - |   241M |   0 |  18k| 728 | 487 |   0 |  0 | 145 |   0 | 2.044390e+05 | 2.040379e+05 |   0.20%| unknown
  2.0s|     1 |     0 |   674 |     - |   250M |   0 |  18k| 728 | 494 |   7 |  1 | 145 |   0 | 2.044390e+05 | 2.040379e+05 |   0.20%| unknown
  3.0s|     1 |     0 |   714 |     - |   250M |   0 |  18k| 728 | 503 |  16 |  2 | 145 |   0 | 2.044390e+05 | 2.040379e+05 |   0.20%| unknown
  3.0s|     1 |     0 |   860 |     - |   251M |   0 |  18k| 728 | 512 |  25 |  3 | 145 |   0 | 2.044389e+05 | 2.040379e+05 |   0.20%| unknown
  3.0s|     1 |     0 |   860 |     - |   251M |   0 |  18k| 728 | 512 |  25 |  3 | 145 |   0 | 2.044389e+05 | 2.040379e+05 |   0.20%| unknown
  3.0s|     1 |     0 |   953 |     - |   256M |   0 |  18k| 728 | 521 |  34 |  4 | 145 |   0 | 2.044388e+05 | 2.040379e+05 |   0.20%| unknown
  3.0s|     1 |     0 |   953 |     - |   256M |   0 |  18k| 728 | 521 |  34 |  4 | 145 |   0 | 2.044388e+05 | 2.040379e+05 |   0.20%| unknown
  3.0s|     1 |     0 |  1025 |     - |   256M |   0 |  18k| 728 | 529 |  42 |  5 | 145 |   0 | 2.044387e+05 | 2.040379e+05 |   0.20%| unknown
  3.0s|     1 |     0 |  1025 |     - |   256M |   0 |  18k| 728 | 529 |  42 |  5 | 145 |   0 | 2.044387e+05 | 2.040379e+05 |   0.20%| unknown
  3.0s|     1 |     0 |  1075 |     - |   257M |   0 |  18k| 728 | 539 |  52 |  6 | 145 |   0 | 2.044387e+05 | 2.040379e+05 |   0.20%| unknown
  4.0s|     1 |     0 |  1117 |     - |   259M |   0 |  18k| 728 | 548 |  61 |  7 | 145 |   0 | 2.044386e+05 | 2.040379e+05 |   0.20%| unknown
  4.0s|     1 |     0 |  1160 |     - |   261M |   0 |  18k| 728 | 557 |  70 |  8 | 145 |   0 | 2.044386e+05 | 2.040379e+05 |   0.20%| unknown
  4.0s|     1 |     0 |  1246 |     - |   263M |   0 |  18k| 728 | 566 |  79 |  9 | 145 |   0 | 2.044386e+05 | 2.040379e+05 |   0.20%| unknown
  5.0s|     1 |     0 |  1280 |     - |   264M |   0 |  18k| 728 | 575 |  88 | 10 | 145 |   0 | 2.044386e+05 | 2.040379e+05 |   0.20%| unknown
 time | node  | left  |LP iter|LP it/n|mem/heur|mdpt |vars |cons |rows |cuts |sepa|confs|strbr|  dualbound   | primalbound  |  gap   | compl. 
  5.0s|     1 |     0 |  1321 |     - |   264M |   0 |  18k| 729 | 582 |  97 | 11 | 146 |   0 | 2.044386e+05 | 2.040379e+05 |   0.20%| unknown
  8.0s|     1 |     2 |  2391 |     - |   268M |   0 |  18k| 640 | 582 |  97 | 11 | 153 |  26 | 2.044381e+05 | 2.040379e+05 |   0.20%| unknown
 73.0s|   100 |    45 | 26683 | 256.2 |   341M |  16 |  18k| 574 | 604 | 440 | 19 | 169 |2012 | 2.044361e+05 | 2.040379e+05 |   0.20%|  10.04%
 99.0s|   200 |   133 | 37762 | 183.1 |   383M |  33 |  18k| 575 | 544 | 676 |  2 | 170 |2655 | 2.044361e+05 | 2.040379e+05 |   0.20%|  10.28%
  121s|   300 |   201 | 50637 | 164.9 |   388M |  33 |  18k| 599 | 528 | 861 |  1 | 195 |3343 | 2.044299e+05 | 2.040379e+05 |   0.19%|  11.39%
  130s|   400 |   289 | 57295 | 140.3 |   388M |  33 |  18k| 622 | 531 | 934 |  2 | 220 |3493 | 2.044280e+05 | 2.040379e+05 |   0.19%|  11.59%
  140s|   500 |   387 | 70105 | 137.8 |   392M |  47 |  18k| 626 |   0 | 947 |  0 | 227 |3537 | 2.044280e+05 | 2.040379e+05 |   0.19%|  11.59%
  143s|   600 |   485 | 73251 | 120.1 |   396M |  67 |  18k| 632 | 531 | 956 |  1 | 233 |3566 | 2.044280e+05 | 2.040379e+05 |   0.19%|  11.59%
  148s|   700 |   585 | 77487 | 109.0 |   406M |  67 |  18k| 631 | 533 | 972 |  1 | 233 |3582 | 2.044280e+05 | 2.040379e+05 |   0.19%|  11.59%
  150s|   800 |   683 | 79019 |  97.2 |   408M |  67 |  18k| 634 | 536 | 989 |  1 | 236 |3587 | 2.044280e+05 | 2.040379e+05 |   0.19%|  11.59%
  155s|   900 |   781 | 82776 |  90.6 |   416M |  81 |  18k| 635 | 533 |1008 |  1 | 237 |3607 | 2.044280e+05 | 2.040379e+05 |   0.19%|  11.59%
  160s|  1000 |   881 | 86288 |  85.1 |   427M |  81 |  18k| 653 | 533 |1022 |  2 | 255 |3630 | 2.044280e+05 | 2.040379e+05 |   0.19%|  11.59%
  164s|  1100 |   979 | 89852 |  80.6 |   431M |  81 |  18k| 705 | 532 |1046 |  1 | 308 |3640 | 2.044280e+05 | 2.040379e+05 |   0.19%|  11.59%
  169s|  1200 |  1079 | 93676 |  77.0 |   436M |  81 |  18k| 712 | 535 |1060 |  1 | 315 |3652 | 2.044280e+05 | 2.040379e+05 |   0.19%|  11.59%
  173s|  1300 |  1179 | 96013 |  72.9 |   437M |  81 |  18k| 714 | 535 |1073 |  1 | 317 |3664 | 2.044280e+05 | 2.040379e+05 |   0.19%|  11.59%
 time | node  | left  |LP iter|LP it/n|mem/heur|mdpt |vars |cons |rows |cuts |sepa|confs|strbr|  dualbound   | primalbound  |  gap   | compl. 
  178s|  1400 |  1279 |100705 |  71.0 |   440M |  81 |  18k| 709 | 537 |1097 |  1 | 318 |3679 | 2.044280e+05 | 2.040379e+05 |   0.19%|  11.59%
  182s|  1500 |  1379 |104286 |  68.7 |   443M |  81 |  18k| 701 | 534 |1111 |  1 | 318 |3690 | 2.044280e+05 | 2.040379e+05 |   0.19%|  11.59%
  186s|  1600 |  1479 |106089 |  65.5 |   443M |  81 |  18k| 716 | 533 |1122 |  1 | 334 |3710 | 2.044280e+05 | 2.040379e+05 |   0.19%|  11.59%
  189s|  1700 |  1577 |109357 |  63.6 |   445M |  81 |  18k| 715 | 530 |1131 |  1 | 336 |3718 | 2.044280e+05 | 2.040379e+05 |   0.19%|  11.59%
  193s|  1800 |  1677 |113764 |  62.5 |   448M |  81 |  18k| 712 | 530 |1159 |  1 | 338 |3726 | 2.044280e+05 | 2.040379e+05 |   0.19%|  11.59%
  196s|  1900 |  1777 |117493 |  61.2 |   452M |  81 |  18k| 716 | 531 |1180 |  1 | 343 |3728 | 2.044280e+05 | 2.040379e+05 |   0.19%|  11.59%
  200s|  2000 |  1877 |121498 |  60.1 |   454M |  81 |  18k| 715 | 533 |1210 |  1 | 343 |3741 | 2.044280e+05 | 2.040379e+05 |   0.19%|  11.59%
  204s|  2100 |  1977 |124472 |  58.7 |   457M |  81 |  18k| 716 | 531 |1229 |  1 | 344 |3755 | 2.044280e+05 | 2.040379e+05 |   0.19%|  11.59%
  208s|  2200 |  2077 |125918 |  56.7 |   459M |  81 |  18k| 727 | 533 |1246 |  1 | 356 |3767 | 2.044280e+05 | 2.040379e+05 |   0.19%|  11.59%
  212s|  2300 |  2177 |130708 |  56.3 |   464M |  81 |  18k| 730 | 529 |1255 |  3 | 360 |3789 | 2.044280e+05 | 2.040379e+05 |   0.19%|  11.59%
  216s|  2400 |  2275 |133894 |  55.3 |   467M |  81 |  18k| 732 | 537 |1296 |  1 | 362 |3799 | 2.044280e+05 | 2.040379e+05 |   0.19%|  11.59%
  219s|  2500 |  2375 |136404 |  54.1 |   469M |  81 |  18k| 739 | 531 |1307 |  1 | 369 |3800 | 2.044280e+05 | 2.040379e+05 |   0.19%|  11.59%
  222s|  2600 |  2475 |138407 |  52.7 |   471M |  81 |  18k| 737 | 531 |1333 |  1 | 369 |3807 | 2.044280e+05 | 2.040379e+05 |   0.19%|  11.59%
  226s|  2700 |  2575 |141698 |  52.0 |   473M |  81 |  18k| 748 | 531 |1343 |  1 | 380 |3828 | 2.044280e+05 | 2.040379e+05 |   0.19%|  11.59%
  229s|  2800 |  2675 |143907 |  50.9 |   475M |  81 |  18k| 750 | 538 |1375 |  1 | 382 |3830 | 2.044280e+05 | 2.040379e+05 |   0.19%|  11.59%
 time | node  | left  |LP iter|LP it/n|mem/heur|mdpt |vars |cons |rows |cuts |sepa|confs|strbr|  dualbound   | primalbound  |  gap   | compl. 
  233s|  2900 |  2775 |146645 |  50.1 |   477M |  81 |  18k| 751 | 539 |1405 |  1 | 383 |3842 | 2.044280e+05 | 2.040379e+05 |   0.19%|  11.59%
  236s|  3000 |  2873 |148714 |  49.1 |   479M |  99 |  18k| 759 | 536 |1415 |  1 | 391 |3859 | 2.044280e+05 | 2.040379e+05 |   0.19%|  11.59%
  239s|  3100 |  2973 |150868 |  48.3 |   481M |  99 |  18k| 758 | 540 |1438 |  1 | 393 |3861 | 2.044280e+05 | 2.040379e+05 |   0.19%|  11.59%
  242s|  3200 |  3073 |153816 |  47.7 |   483M |  99 |  18k| 767 | 535 |1453 |  1 | 404 |3878 | 2.044280e+05 | 2.040379e+05 |   0.19%|  11.59%
  246s|  3300 |  3173 |157325 |  47.3 |   488M |  99 |  18k| 771 | 531 |1477 |  1 | 409 |3884 | 2.044280e+05 | 2.040379e+05 |   0.19%|  11.59%
  250s|  3400 |  3273 |162676 |  47.5 |   490M |  99 |  18k| 772 | 532 |1498 |  1 | 411 |3898 | 2.044280e+05 | 2.040379e+05 |   0.19%|  11.59%
  254s|  3500 |  3373 |164940 |  46.8 |   492M |  99 |  18k| 773 | 531 |1512 |  1 | 412 |3916 | 2.044280e+05 | 2.040379e+05 |   0.19%|  11.59%
  260s|  3600 |  3473 |169270 |  46.7 |   496M |  99 |  18k| 771 | 532 |1553 |  1 | 412 |3918 | 2.044280e+05 | 2.040379e+05 |   0.19%|  11.59%
  264s|  3700 |  3573 |172753 |  46.3 |   498M |  99 |  18k| 772 | 538 |1584 |  1 | 413 |3923 | 2.044280e+05 | 2.040379e+05 |   0.19%|  11.59%
  268s|  3800 |  3673 |175212 |  45.8 |   499M |  99 |  18k| 775 | 529 |1609 |  1 | 416 |3928 | 2.044280e+05 | 2.040379e+05 |   0.19%|  11.59%
  271s|  3900 |  3773 |177113 |  45.1 |   504M |  99 |  18k| 777 | 539 |1627 |  1 | 418 |3935 | 2.044280e+05 | 2.040379e+05 |   0.19%|  11.59%
  274s|  4000 |  3873 |179393 |  44.5 |   505M |  99 |  18k| 777 | 533 |1636 |  2 | 418 |3952 | 2.044280e+05 | 2.040379e+05 |   0.19%|  11.59%
  277s|  4100 |  3973 |181348 |  43.9 |   507M |  99 |  18k| 776 | 536 |1650 |  1 | 418 |3956 | 2.044280e+05 | 2.040379e+05 |   0.19%|  11.59%
  280s|  4200 |  4073 |183858 |  43.5 |   509M |  99 |  18k| 781 | 531 |1661 |  2 | 425 |3959 | 2.044280e+05 | 2.040379e+05 |   0.19%|  11.59%
  284s|  4300 |  4173 |189053 |  43.7 |   512M |  99 |  18k| 784 | 532 |1668 |  1 | 430 |3959 | 2.044280e+05 | 2.040379e+05 |   0.19%|  11.59%
 time | node  | left  |LP iter|LP it/n|mem/heur|mdpt |vars |cons |rows |cuts |sepa|confs|strbr|  dualbound   | primalbound  |  gap   | compl. 
  287s|  4400 |  4273 |190895 |  43.1 |   512M |  99 |  18k| 783 | 529 |1680 |  1 | 430 |3962 | 2.044280e+05 | 2.040379e+05 |   0.19%|  11.59%
  289s|  4500 |  4373 |193604 |  42.7 |   514M |  99 |  18k| 781 | 531 |1687 |  1 | 434 |3964 | 2.044280e+05 | 2.040379e+05 |   0.19%|  11.59%
  292s|  4600 |  4473 |195271 |  42.2 |   517M |  99 |  18k| 792 | 531 |1703 |  1 | 448 |3984 | 2.044280e+05 | 2.040379e+05 |   0.19%|  11.59%
  294s|  4700 |  4573 |200054 |  42.3 |   520M |  99 |  18k| 791 | 530 |1710 |  2 | 451 |4000 | 2.044280e+05 | 2.040379e+05 |   0.19%|  11.59%
  297s|  4800 |  4673 |203534 |  42.1 |   524M |  99 |  18k| 785 | 532 |1763 |  1 | 451 |4001 | 2.044280e+05 | 2.040379e+05 |   0.19%|  11.59%
  299s|  4900 |  4773 |205482 |  41.7 |   525M |  99 |  18k| 783 | 534 |1787 |  1 | 453 |4003 | 2.044280e+05 | 2.040379e+05 |   0.19%|  11.59%

SCIP Status        : solving was interrupted [time limit reached]
Solving Time (sec) : 300.00
Solving Nodes      : 4936
Primal Bound       : +2.04037874019281e+05 (307 solutions)
Dual Bound         : +2.04427987645744e+05
Gap                : 0.19 %
